../Core/Src/LORALIB/LoRa.c:50:6:loRaWriteRegister	24	static
../Core/Src/LORALIB/LoRa.c:69:6:loRaDIO0InterruptHandler	32	static
../Core/Src/LORALIB/LoRa.c:117:5:loRaSendPacket	32	static
../Core/Src/LORALIB/LoRa.c:170:6:loRaClearIRQ	16	static
../Core/Src/LORALIB/LoRa.c:178:5:loRaIsTrasmitting	8	static
../Core/Src/LORALIB/LoRa.c:194:5:loRaSendPacketSYNC	24	static
../Core/Src/LORALIB/LoRa.c:204:6:loRaClearIRQReceive	8	static
../Core/Src/LORALIB/LoRa.c:208:5:loRaSendPacketSynchronous	24	static
../Core/Src/LORALIB/LoRa.c:216:6:loRaFullyTransmitMode	8	static
../Core/Src/LORALIB/LoRa.c:222:6:loRaFullyReceiveMode	8	static
../Core/Src/LORALIB/LoRa.c:235:9:loRaReadRegister	32	static
../Core/Src/LORALIB/LoRa.c:261:6:loRaSetOCP	24	static
../Core/Src/LORALIB/LoRa.c:273:6:loRaSetSyncWord	16	static
../Core/Src/LORALIB/LoRa.c:282:5:loRaInit	24	static
../Core/Src/LORALIB/LoRa.c:329:6:loRaEnableCRC	16	static
../Core/Src/LORALIB/LoRa.c:345:6:loRaSetSpreadingFactor	24	static
../Core/Src/LORALIB/LoRa.c:368:9:loRaReadConfig1	8	static
../Core/Src/LORALIB/LoRa.c:380:6:loRaSetCodingRate	24	static
../Core/Src/LORALIB/LoRa.c:395:6:loRaSetLDOFlag	24	static
../Core/Src/LORALIB/LoRa.c:411:6:loRaSetSignalBandwidth	24	static
../Core/Src/LORALIB/LoRa.c:441:6:loRaGetSignalBandwidth	16	static
../Core/Src/LORALIB/LoRa.c:460:5:loRaGetSpreadingFactor	8	static
../Core/Src/LORALIB/LoRa.c:468:6:loRaSetTxPower	16	static
../Core/Src/LORALIB/LoRa.c:512:6:loRaSleep	8	static
../Core/Src/LORALIB/LoRa.c:517:6:loRaIdle	8	static
../Core/Src/LORALIB/LoRa.c:528:6:loRaSetFrequency	24	static
