Archive member included to satisfy reference by file (symbol)

/Applications/STM32CubeIDE.app/Contents/Eclipse/plugins/com.st.stm32cube.ide.mcu.externaltools.gnu-tools-for-stm32.10.3-2021.10.macos64_1.0.200.202301161003/tools/bin/../lib/gcc/arm-none-eabi/10.3.1/../../../../arm-none-eabi/lib/thumb/v7e-m+dp/hard/libc_nano.a(lib_a-errno.o)
                              ./Core/Src/syscalls.o (__errno)
/Applications/STM32CubeIDE.app/Contents/Eclipse/plugins/com.st.stm32cube.ide.mcu.externaltools.gnu-tools-for-stm32.10.3-2021.10.macos64_1.0.200.202301161003/tools/bin/../lib/gcc/arm-none-eabi/10.3.1/../../../../arm-none-eabi/lib/thumb/v7e-m+dp/hard/libc_nano.a(lib_a-exit.o)
                              /Applications/STM32CubeIDE.app/Contents/Eclipse/plugins/com.st.stm32cube.ide.mcu.externaltools.gnu-tools-for-stm32.10.3-2021.10.macos64_1.0.200.202301161003/tools/bin/../lib/gcc/arm-none-eabi/10.3.1/../../../../arm-none-eabi/lib/thumb/v7e-m+dp/hard/crt0.o (exit)
/Applications/STM32CubeIDE.app/Contents/Eclipse/plugins/com.st.stm32cube.ide.mcu.externaltools.gnu-tools-for-stm32.10.3-2021.10.macos64_1.0.200.202301161003/tools/bin/../lib/gcc/arm-none-eabi/10.3.1/../../../../arm-none-eabi/lib/thumb/v7e-m+dp/hard/libc_nano.a(lib_a-impure.o)
                              /Applications/STM32CubeIDE.app/Contents/Eclipse/plugins/com.st.stm32cube.ide.mcu.externaltools.gnu-tools-for-stm32.10.3-2021.10.macos64_1.0.200.202301161003/tools/bin/../lib/gcc/arm-none-eabi/10.3.1/../../../../arm-none-eabi/lib/thumb/v7e-m+dp/hard/libc_nano.a(lib_a-exit.o) (_global_impure_ptr)
/Applications/STM32CubeIDE.app/Contents/Eclipse/plugins/com.st.stm32cube.ide.mcu.externaltools.gnu-tools-for-stm32.10.3-2021.10.macos64_1.0.200.202301161003/tools/bin/../lib/gcc/arm-none-eabi/10.3.1/../../../../arm-none-eabi/lib/thumb/v7e-m+dp/hard/libc_nano.a(lib_a-init.o)
                              /Applications/STM32CubeIDE.app/Contents/Eclipse/plugins/com.st.stm32cube.ide.mcu.externaltools.gnu-tools-for-stm32.10.3-2021.10.macos64_1.0.200.202301161003/tools/bin/../lib/gcc/arm-none-eabi/10.3.1/../../../../arm-none-eabi/lib/thumb/v7e-m+dp/hard/crt0.o (__libc_init_array)
/Applications/STM32CubeIDE.app/Contents/Eclipse/plugins/com.st.stm32cube.ide.mcu.externaltools.gnu-tools-for-stm32.10.3-2021.10.macos64_1.0.200.202301161003/tools/bin/../lib/gcc/arm-none-eabi/10.3.1/../../../../arm-none-eabi/lib/thumb/v7e-m+dp/hard/libc_nano.a(lib_a-memcpy-stub.o)
                              ./Drivers/STM32H7xx_HAL_Driver/Src/stm32h7xx_hal_fdcan.o (memcpy)
/Applications/STM32CubeIDE.app/Contents/Eclipse/plugins/com.st.stm32cube.ide.mcu.externaltools.gnu-tools-for-stm32.10.3-2021.10.macos64_1.0.200.202301161003/tools/bin/../lib/gcc/arm-none-eabi/10.3.1/../../../../arm-none-eabi/lib/thumb/v7e-m+dp/hard/libc_nano.a(lib_a-memset.o)
                              /Applications/STM32CubeIDE.app/Contents/Eclipse/plugins/com.st.stm32cube.ide.mcu.externaltools.gnu-tools-for-stm32.10.3-2021.10.macos64_1.0.200.202301161003/tools/bin/../lib/gcc/arm-none-eabi/10.3.1/../../../../arm-none-eabi/lib/thumb/v7e-m+dp/hard/crt0.o (memset)
/Applications/STM32CubeIDE.app/Contents/Eclipse/plugins/com.st.stm32cube.ide.mcu.externaltools.gnu-tools-for-stm32.10.3-2021.10.macos64_1.0.200.202301161003/tools/bin/../lib/gcc/arm-none-eabi/10.3.1/../../../../arm-none-eabi/lib/thumb/v7e-m+dp/hard/libc_nano.a(lib_a-nano-vfprintf_float.o)
                              (_printf_float)
/Applications/STM32CubeIDE.app/Contents/Eclipse/plugins/com.st.stm32cube.ide.mcu.externaltools.gnu-tools-for-stm32.10.3-2021.10.macos64_1.0.200.202301161003/tools/bin/../lib/gcc/arm-none-eabi/10.3.1/../../../../arm-none-eabi/lib/thumb/v7e-m+dp/hard/libc_nano.a(lib_a-nano-vfprintf_i.o)
                              /Applications/STM32CubeIDE.app/Contents/Eclipse/plugins/com.st.stm32cube.ide.mcu.externaltools.gnu-tools-for-stm32.10.3-2021.10.macos64_1.0.200.202301161003/tools/bin/../lib/gcc/arm-none-eabi/10.3.1/../../../../arm-none-eabi/lib/thumb/v7e-m+dp/hard/libc_nano.a(lib_a-nano-vfprintf_float.o) (_printf_common)
/Applications/STM32CubeIDE.app/Contents/Eclipse/plugins/com.st.stm32cube.ide.mcu.externaltools.gnu-tools-for-stm32.10.3-2021.10.macos64_1.0.200.202301161003/tools/bin/../lib/gcc/arm-none-eabi/10.3.1/../../../../arm-none-eabi/lib/thumb/v7e-m+dp/hard/libc_nano.a(lib_a-nano-vfscanf_float.o)
                              (_scanf_float)
/Applications/STM32CubeIDE.app/Contents/Eclipse/plugins/com.st.stm32cube.ide.mcu.externaltools.gnu-tools-for-stm32.10.3-2021.10.macos64_1.0.200.202301161003/tools/bin/../lib/gcc/arm-none-eabi/10.3.1/../../../../arm-none-eabi/lib/thumb/v7e-m+dp/hard/libc_nano.a(lib_a-sf_nan.o)
                              /Applications/STM32CubeIDE.app/Contents/Eclipse/plugins/com.st.stm32cube.ide.mcu.externaltools.gnu-tools-for-stm32.10.3-2021.10.macos64_1.0.200.202301161003/tools/bin/../lib/gcc/arm-none-eabi/10.3.1/../../../../arm-none-eabi/lib/thumb/v7e-m+dp/hard/libc_nano.a(lib_a-nano-vfscanf_float.o) (nanf)
[...]
Memory Configuration

Name             Origin             Length             Attributes
ITCMRAM          0x0000000000000000 0x0000000000010000 xrw
FLASH            0x0000000008000000 0x0000000000200000 xr
DTCMRAM1         0x0000000020000000 0x0000000000010000 xrw
DTCMRAM2         0x0000000020010000 0x0000000000010000 xrw
RAM              0x0000000024000000 0x0000000000100000 xrw
RAM_CD           0x0000000030000000 0x0000000000020000 xrw
RAM_SRD          0x0000000038000000 0x0000000000008000 xrw
*default*        0x0000000000000000 0xffffffffffffffff

Linker script and memory map

LOAD /Applications/STM32CubeIDE.app/Contents/Eclipse/plugins/com.st.stm32cube.ide.mcu.externaltools.gnu-tools-for-stm32.10.3-2021.10.macos64_1.0.200.202301161003/tools/bin/../lib/gcc/arm-none-eabi/10.3.1/thumb/v7e-m+dp/hard/crti.o
LOAD /Applications/STM32CubeIDE.app/Contents/Eclipse/plugins/com.st.stm32cube.ide.mcu.externaltools.gnu-tools-for-stm32.10.3-2021.10.macos64_1.0.200.202301161003/tools/bin/../lib/gcc/arm-none-eabi/10.3.1/thumb/v7e-m+dp/hard/crtbegin.o
LOAD /Applications/STM32CubeIDE.app/Contents/Eclipse/plugins/com.st.stm32cube.ide.mcu.externaltools.gnu-tools-for-stm32.10.3-2021.10.macos64_1.0.200.202301161003/tools/bin/../lib/gcc/arm-none-eabi/10.3.1/../../../../arm-none-eabi/lib/thumb/v7e-m+dp/hard/crt0.o
LOAD ./Core/Src/LORALIB/LoRa.o
LOAD ./Core/Src/fatfs_sd_card.o
LOAD ./Core/Src/main.o
LOAD ./Core/Src/stm32h7xx_hal_msp.o
LOAD ./Core/Src/stm32h7xx_it.o
LOAD ./Core/Src/syscalls.o
LOAD ./Core/Src/sysmem.o
LOAD ./Core/Src/system_stm32h7xx.o
LOAD ./Core/Startup/startup_stm32h7a3zitxq.o
LOAD ./Drivers/STM32H7xx_HAL_Driver/Src/stm32h7xx_hal.o
LOAD ./Drivers/STM32H7xx_HAL_Driver/Src/stm32h7xx_hal_adc.o
LOAD ./Drivers/STM32H7xx_HAL_Driver/Src/stm32h7xx_hal_adc_ex.o
LOAD ./Drivers/STM32H7xx_HAL_Driver/Src/stm32h7xx_hal_cortex.o
LOAD ./Drivers/STM32H7xx_HAL_Driver/Src/stm32h7xx_hal_dma.o
LOAD ./Drivers/STM32H7xx_HAL_Driver/Src/stm32h7xx_hal_dma_ex.o
LOAD ./Drivers/STM32H7xx_HAL_Driver/Src/stm32h7xx_hal_exti.o
LOAD ./Drivers/STM32H7xx_HAL_Driver/Src/stm32h7xx_hal_fdcan.o
LOAD ./Drivers/STM32H7xx_HAL_Driver/Src/stm32h7xx_hal_flash.o
LOAD ./Drivers/STM32H7xx_HAL_Driver/Src/stm32h7xx_hal_flash_ex.o
LOAD ./Drivers/STM32H7xx_HAL_Driver/Src/stm32h7xx_hal_gpio.o
LOAD ./Drivers/STM32H7xx_HAL_Driver/Src/stm32h7xx_hal_hsem.o
LOAD ./Drivers/STM32H7xx_HAL_Driver/Src/stm32h7xx_hal_i2c.o
LOAD ./Drivers/STM32H7xx_HAL_Driver/Src/stm32h7xx_hal_i2c_ex.o
LOAD ./Drivers/STM32H7xx_HAL_Driver/Src/stm32h7xx_hal_mdma.o
LOAD ./Drivers/STM32H7xx_HAL_Driver/Src/stm32h7xx_hal_pwr.o
LOAD ./Drivers/STM32H7xx_HAL_Driver/Src/stm32h7xx_hal_pwr_ex.o
LOAD ./Drivers/STM32H7xx_HAL_Driver/Src/stm32h7xx_hal_rcc.o
LOAD ./Drivers/STM32H7xx_HAL_Driver/Src/stm32h7xx_hal_rcc_ex.o
LOAD ./Drivers/STM32H7xx_HAL_Driver/Src/stm32h7xx_hal_spi.o
LOAD ./Drivers/STM32H7xx_HAL_Driver/Src/stm32h7xx_hal_spi_ex.o
LOAD ./Drivers/STM32H7xx_HAL_Driver/Src/stm32h7xx_hal_tim.o
LOAD ./Drivers/STM32H7xx_HAL_Driver/Src/stm32h7xx_hal_tim_ex.o
LOAD ./Drivers/STM32H7xx_HAL_Driver/Src/stm32h7xx_hal_uart.o
LOAD ./Drivers/STM32H7xx_HAL_Driver/Src/stm32h7xx_hal_uart_ex.o
LOAD ./FATFS/App/fatfs.o
LOAD ./FATFS/Target/user_diskio.o
LOAD ./Middlewares/Third_Party/FatFs/src/diskio.o
LOAD ./Middlewares/Third_Party/FatFs/src/ff.o
LOAD ./Middlewares/Third_Party/FatFs/src/ff_gen_drv.o
LOAD ./Middlewares/Third_Party/FatFs/src/option/syscall.o
START GROUP
LOAD /Applications/STM32CubeIDE.app/Contents/Eclipse/plugins/com.st.stm32cube.ide.mcu.externaltools.gnu-tools-for-stm32.10.3-2021.10.macos64_1.0.200.202301161003/tools/bin/../lib/gcc/arm-none-eabi/10.3.1/../../../../arm-none-eabi/lib/thumb/v7e-m+dp/hard/libc_nano.a
LOAD /Applications/STM32CubeIDE.app/Contents/Eclipse/plugins/com.st.stm32cube.ide.mcu.externaltools.gnu-tools-for-stm32.10.3-2021.10.macos64_1.0.200.202301161003/tools/bin/../lib/gcc/arm-none-eabi/10.3.1/../../../../arm-none-eabi/lib/thumb/v7e-m+dp/hard/libm.a
END GROUP
START GROUP
LOAD /Applications/STM32CubeIDE.app/Contents/Eclipse/plugins/com.st.stm32cube.ide.mcu.externaltools.gnu-tools-for-stm32.10.3-2021.10.macos64_1.0.200.202301161003/tools/bin/../lib/gcc/arm-none-eabi/10.3.1/thumb/v7e-m+dp/hard/libgcc.a
LOAD /Applications/STM32CubeIDE.app/Contents/Eclipse/plugins/com.st.stm32cube.ide.mcu.externaltools.gnu-tools-for-stm32.10.3-2021.10.macos64_1.0.200.202301161003/tools/bin/../lib/gcc/arm-none-eabi/10.3.1/../../../../arm-none-eabi/lib/thumb/v7e-m+dp/hard/libc_nano.a
END GROUP
START GROUP
LOAD /Applications/STM32CubeIDE.app/Contents/Eclipse/plugins/com.st.stm32cube.ide.mcu.externaltools.gnu-tools-for-stm32.10.3-2021.10.macos64_1.0.200.202301161003/tools/bin/../lib/gcc/arm-none-eabi/10.3.1/thumb/v7e-m+dp/hard/libgcc.a
LOAD /Applications/STM32CubeIDE.app/Contents/Eclipse/plugins/com.st.stm32cube.ide.mcu.externaltools.gnu-tools-for-stm32.10.3-2021.10.macos64_1.0.200.202301161003/tools/bin/../lib/gcc/arm-none-eabi/10.3.1/../../../../arm-none-eabi/lib/thumb/v7e-m+dp/hard/libc_nano.a
LOAD /Applications/STM32CubeIDE.app/Contents/Eclipse/plugins/com.st.stm32cube.ide.mcu.externaltools.gnu-tools-for-stm32.10.3-2021.10.macos64_1.0.200.202301161003/tools/bin/../lib/gcc/arm-none-eabi/10.3.1/../../../../arm-none-eabi/lib/thumb/v7e-m+dp/hard/libnosys.a
END GROUP
START GROUP
LOAD /Applications/STM32CubeIDE.app/Contents/Eclipse/plugins/com.st.stm32cube.ide.mcu.externaltools.gnu-tools-for-stm32.10.3-2021.10.macos64_1.0.200.202301161003/tools/bin/../lib/gcc/arm-none-eabi/10.3.1/thumb/v7e-m+dp/hard/libgcc.a
LOAD /Applications/STM32CubeIDE.app/Contents/Eclipse/plugins/com.st.stm32cube.ide.mcu.externaltools.gnu-tools-for-stm32.10.3-2021.10.macos64_1.0.200.202301161003/tools/bin/../lib/gcc/arm-none-eabi/10.3.1/../../../../arm-none-eabi/lib/thumb/v7e-m+dp/hard/libc_nano.a
LOAD /Applications/STM32CubeIDE.app/Contents/Eclipse/plugins/com.st.stm32cube.ide.mcu.externaltools.gnu-tools-for-stm32.10.3-2021.10.macos64_1.0.200.202301161003/tools/bin/../lib/gcc/arm-none-eabi/10.3.1/../../../../arm-none-eabi/lib/thumb/v7e-m+dp/hard/libnosys.a
END GROUP
LOAD /Applications/STM32CubeIDE.app/Contents/Eclipse/plugins/com.st.stm32cube.ide.mcu.externaltools.gnu-tools-for-stm32.10.3-2021.10.macos64_1.0.200.202301161003/tools/bin/../lib/gcc/arm-none-eabi/10.3.1/thumb/v7e-m+dp/hard/crtend.o
LOAD /Applications/STM32CubeIDE.app/Contents/Eclipse/plugins/com.st.stm32cube.ide.mcu.externaltools.gnu-tools-for-stm32.10.3-2021.10.macos64_1.0.200.202301161003/tools/bin/../lib/gcc/arm-none-eabi/10.3.1/thumb/v7e-m+dp/hard/crtn.o
                0x0000000024100000                _estack = (ORIGIN (RAM) + LENGTH (RAM))
                0x0000000000000200                _Min_Heap_Size = 0x200
                0x0000000000000400                _Min_Stack_Size = 0x400

.isr_vector     0x0000000008000000      0x2ac
                0x0000000008000000                . = ALIGN (0x4)
 *(.isr_vector)
 .isr_vector    0x0000000008000000      0x2ac ./Core/Startup/startup_stm32h7a3zitxq.o
                0x0000000008000000                g_pfnVectors
                0x00000000080002ac                . = ALIGN (0x4)

.text           0x00000000080002b0    0x172d8
                0x00000000080002b0                . = ALIGN (0x4)
 *(.text)
 .text          0x00000000080002b0       0x40 /Applications/STM32CubeIDE.app/Contents/Eclipse/plugins/com.st.stm32cube.ide.mcu.externaltools.gnu-tools-for-stm32.10.3-2021.10.macos64_1.0.200.202301161003/tools/bin/../lib/gcc/arm-none-eabi/10.3.1/thumb/v7e-m+dp/hard/crtbegin.o
 .text          0x00000000080002f0       0x10 /Applications/STM32CubeIDE.app/Contents/Eclipse/plugins/com.st.stm32cube.ide.mcu.externaltools.gnu-tools-for-stm32.10.3-2021.10.macos64_1.0.200.202301161003/tools/bin/../lib/gcc/arm-none-eabi/10.3.1/../../../../arm-none-eabi/lib/thumb/v7e-m+dp/hard/libc_nano.a(lib_a-strlen.o)
                0x00000000080002f0                strlen
 .text          0x0000000008000300       0xa0 /Applications/STM32CubeIDE.app/Contents/Eclipse/plugins/com.st.stm32cube.ide.mcu.externaltools.gnu-tools-for-stm32.10.3-2021.10.macos64_1.0.200.202301161003/tools/bin/../lib/gcc/arm-none-eabi/10.3.1/../../../../arm-none-eabi/lib/thumb/v7e-m+dp/hard/libc_nano.a(lib_a-memchr.o)
                0x0000000008000300                memchr
 .text          0x00000000080003a0      0x378 /Applications/STM32CubeIDE.app/Contents/Eclipse/plugins/com.st.stm32cube.ide.mcu.externaltools.gnu-tools-for-stm32.10.3-2021.10.macos64_1.0.200.202301161003/tools/bin/../lib/gcc/arm-none-eabi/10.3.1/thumb/v7e-m+dp/hard/libgcc.a(_arm_addsubdf3.o)
                0x00000000080003a0                __aeabi_drsub
                0x00000000080003a8                __subdf3
                0x00000000080003a8                __aeabi_dsub
                0x00000000080003ac                __aeabi_dadd
                0x00000000080003ac                __adddf3
                0x0000000008000624                __aeabi_ui2d
                0x0000000008000624                __floatunsidf
                0x0000000008000644                __floatsidf
                0x0000000008000644                __aeabi_i2d
                0x0000000008000668                __extendsfdf2
                0x0000000008000668                __aeabi_f2d
                0x00000000080006ac                __aeabi_ul2d
                0x00000000080006ac                __floatundidf
                0x00000000080006bc                __aeabi_l2d
                0x00000000080006bc                __floatdidf
 .text          0x0000000008000718       0x30 /Applications/STM32CubeIDE.app/Contents/Eclipse/plugins/com.st.stm32cube.ide.mcu.externaltools.gnu-tools-for-stm32.10.3-2021.10.macos64_1.0.200.202301161003/tools/bin/../lib/gcc/arm-none-eabi/10.3.1/thumb/v7e-m+dp/hard/libgcc.a(_aeabi_uldivmod.o)
                0x0000000008000718                __aeabi_uldivmod
 .text          0x0000000008000748       0x30 /Applications/STM32CubeIDE.app/Contents/Eclipse/plugins/com.st.stm32cube.ide.mcu.externaltools.gnu-tools-for-stm32.10.3-2021.10.macos64_1.0.200.202301161003/tools/bin/../lib/gcc/arm-none-eabi/10.3.1/thumb/v7e-m+dp/hard/libgcc.a(_fixdfdi.o)
                0x0000000008000748                __aeabi_d2lz
                0x0000000008000748                __fixdfdi
 .text          0x0000000008000778       0x40 /Applications/STM32CubeIDE.app/Contents/Eclipse/plugins/com.st.stm32cube.ide.mcu.externaltools.gnu-tools-for-stm32.10.3-2021.10.macos64_1.0.200.202301161003/tools/bin/../lib/gcc/arm-none-eabi/10.3.1/thumb/v7e-m+dp/hard/libgcc.a(_fixunsdfdi.o)
                0x0000000008000778                __aeabi_d2ulz
                0x0000000008000778                __fixunsdfdi
 .text          0x00000000080007b8      0x2d0 /Applications/STM32CubeIDE.app/Contents/Eclipse/plugins/com.st.stm32cube.ide.mcu.externaltools.gnu-tools-for-stm32.10.3-2021.10.macos64_1.0.200.202301161003/tools/bin/../lib/gcc/arm-none-eabi/10.3.1/thumb/v7e-m+dp/hard/libgcc.a(_udivmoddi4.o)
                0x00000000080007b8                __udivmoddi4
 .text          0x0000000008000a88        0x4 /Applications/STM32CubeIDE.app/Contents/Eclipse/plugins/com.st.stm32cube.ide.mcu.externaltools.gnu-tools-for-stm32.10.3-2021.10.macos64_1.0.200.202301161003/tools/bin/../lib/gcc/arm-none-eabi/10.3.1/thumb/v7e-m+dp/hard/libgcc.a(_dvmd_tls.o)
                0x0000000008000a88                __aeabi_ldiv0
                0x0000000008000a88                __aeabi_idiv0
 *(.text*)
 .text.loRaWriteRegister
                0x0000000008000a8c       0x64 ./Core/Src/LORALIB/LoRa.o
 .text.loRaSendPacket
                0x0000000008000af0       0xce ./Core/Src/LORALIB/LoRa.o
                0x0000000008000af0                loRaSendPacket
 .text.loRaIsTrasmitting
                0x0000000008000bbe       0x1e ./Core/Src/LORALIB/LoRa.o
                0x0000000008000bbe                loRaIsTrasmitting
 .text.loRaClearIRQReceive
                0x0000000008000bdc       0x10 ./Core/Src/LORALIB/LoRa.o
                0x0000000008000bdc                loRaClearIRQReceive
 .text.loRaFullyTransmitMode
                0x0000000008000bec       0x1c ./Core/Src/LORALIB/LoRa.o
                0x0000000008000bec                loRaFullyTransmitMode
 .text.loRaReadRegister
                0x0000000008000c08       0x64 ./Core/Src/LORALIB/LoRa.o
 .text.loRaSetOCP
                0x0000000008000c6c       0x64 ./Core/Src/LORALIB/LoRa.o
 .text.loRaSetSyncWord
                0x0000000008000cd0       0x1c ./Core/Src/LORALIB/LoRa.o
                0x0000000008000cd0                loRaSetSyncWord
 .text.loRaInit
                0x0000000008000cec       0xd4 ./Core/Src/LORALIB/LoRa.o
                0x0000000008000cec                loRaInit
 .text.loRaEnableCRC
                0x0000000008000dc0       0x28 ./Core/Src/LORALIB/LoRa.o
                0x0000000008000dc0                loRaEnableCRC
 .text.loRaSetSpreadingFactor
                0x0000000008000de8       0x7a ./Core/Src/LORALIB/LoRa.o
                0x0000000008000de8                loRaSetSpreadingFactor
 .text.loRaSetCodingRate
                0x0000000008000e62       0x50 ./Core/Src/LORALIB/LoRa.o
                0x0000000008000e62                loRaSetCodingRate
 .text.loRaSetLDOFlag
                0x0000000008000eb2       0x5a ./Core/Src/LORALIB/LoRa.o
 .text.loRaSetSignalBandwidth
                0x0000000008000f0c       0xd0 ./Core/Src/LORALIB/LoRa.o
                0x0000000008000f0c                loRaSetSignalBandwidth
 .text.loRaGetSignalBandwidth
                0x0000000008000fdc       0x98 ./Core/Src/LORALIB/LoRa.o
                0x0000000008000fdc                loRaGetSignalBandwidth
 .text.loRaGetSpreadingFactor
                0x0000000008001074       0x14 ./Core/Src/LORALIB/LoRa.o
                0x0000000008001074                loRaGetSpreadingFactor
 .text.loRaSetTxPower
                0x0000000008001088       0x9c ./Core/Src/LORALIB/LoRa.o
                0x0000000008001088                loRaSetTxPower
 .text.loRaSleep
                0x0000000008001124       0x10 ./Core/Src/LORALIB/LoRa.o
                0x0000000008001124                loRaSleep
 .text.loRaIdle
                0x0000000008001134       0x10 ./Core/Src/LORALIB/LoRa.o
                0x0000000008001134                loRaIdle
 *fill*         0x0000000008001144        0x4 
 .text.loRaSetFrequency
                0x0000000008001148       0x90 ./Core/Src/LORALIB/LoRa.o
                0x0000000008001148                loRaSetFrequency
 .text.SELECT   0x00000000080011d8       0x1c ./Core/Src/fatfs_sd_card.o
 .text.DESELECT
                0x00000000080011f4       0x1c ./Core/Src/fatfs_sd_card.o
 .text.SPI_TxByte
                0x0000000008001210       0x34 ./Core/Src/fatfs_sd_card.o
 .text.SPI_TxBuffer
                0x0000000008001244       0x34 ./Core/Src/fatfs_sd_card.o
 .text.SPI_RxByte
                0x0000000008001278       0x38 ./Core/Src/fatfs_sd_card.o
 .text.SPI_RxBytePtr
                0x00000000080012b0       0x1c ./Core/Src/fatfs_sd_card.o
 .text.SD_ReadyWait
                0x00000000080012cc       0x34 ./Core/Src/fatfs_sd_card.o
 .text.SD_PowerOn
                0x0000000008001300       0x84 ./Core/Src/fatfs_sd_card.o
 .text.SD_PowerOff
                0x0000000008001384       0x18 ./Core/Src/fatfs_sd_card.o
 .text.SD_CheckPower
                0x000000000800139c       0x18 ./Core/Src/fatfs_sd_card.o
 .text.SD_RxDataBlock
                0x00000000080013b4       0x5c ./Core/Src/fatfs_sd_card.o
 .text.SD_TxDataBlock
                0x0000000008001410       0x86 ./Core/Src/fatfs_sd_card.o
 .text.SD_SendCmd
                0x0000000008001496       0xa8 ./Core/Src/fatfs_sd_card.o
 *fill*         0x000000000800153e        0x2 
 .text.SD_disk_initialize
                0x0000000008001540      0x1cc ./Core/Src/fatfs_sd_card.o
                0x0000000008001540                SD_disk_initialize
 .text.SD_disk_status
                0x000000000800170c       0x2c ./Core/Src/fatfs_sd_card.o
                0x000000000800170c                SD_disk_status
 .text.SD_disk_read
                0x0000000008001738       0xd4 ./Core/Src/fatfs_sd_card.o
                0x0000000008001738                SD_disk_read
 .text.SD_disk_write
                0x000000000800180c      0x108 ./Core/Src/fatfs_sd_card.o
                0x000000000800180c                SD_disk_write
 .text.SD_disk_ioctl
                0x0000000008001914      0x258 ./Core/Src/fatfs_sd_card.o
                0x0000000008001914                SD_disk_ioctl
 .text.assignUShort
                0x0000000008001b6c       0x54 ./Core/Src/main.o
                0x0000000008001b6c                assignUShort
 .text.createLoRaPacket
                0x0000000008001bc0      0x1ac ./Core/Src/main.o
                0x0000000008001bc0                createLoRaPacket
 .text.bytesToUShort
                0x0000000008001d6c       0x2e ./Core/Src/main.o
 .text.bytesToSShort
                0x0000000008001d9a       0x2e ./Core/Src/main.o
 .text.bytesToInt
                0x0000000008001dc8       0x28 ./Core/Src/main.o
 .text.decodeDCDCReceivedData
                0x0000000008001df0       0xa0 ./Core/Src/main.o
                0x0000000008001df0                decodeDCDCReceivedData
 .text.readBMSData
                0x0000000008001e90       0x9c ./Core/Src/main.o
                0x0000000008001e90                readBMSData
 .text.requestBMSData
                0x0000000008001f2c       0xd4 ./Core/Src/main.o
                0x0000000008001f2c                requestBMSData
 .text.mount_sd_card
                0x0000000008002000       0x3c ./Core/Src/main.o
                0x0000000008002000                mount_sd_card
 .text.write_to_file
                0x000000000800203c      0x17c ./Core/Src/main.o
                0x000000000800203c                write_to_file
 .text.HAL_UARTEx_RxEventCallback
                0x00000000080021b8       0x8c ./Core/Src/main.o
                0x00000000080021b8                HAL_UARTEx_RxEventCallback
 *fill*         0x0000000008002244        0x4 
 .text.HAL_ADC_ConvCpltCallback
                0x0000000008002248      0x1c8 ./Core/Src/main.o
                0x0000000008002248                HAL_ADC_ConvCpltCallback
 .text.emergencyGeneralActions
                0x0000000008002410       0x30 ./Core/Src/main.o
                0x0000000008002410                emergencyGeneralActions
 .text.checkAlarms
                0x0000000008002440       0x40 ./Core/Src/main.o
                0x0000000008002440                checkAlarms
 .text.backToNominalState
                0x0000000008002480       0x4c ./Core/Src/main.o
                0x0000000008002480                backToNominalState
 .text.writeDCDCData
                0x00000000080024cc       0x54 ./Core/Src/main.o
                0x00000000080024cc                writeDCDCData
 .text.readDCDCDataPolling
                0x0000000008002520       0x2c ./Core/Src/main.o
                0x0000000008002520                readDCDCDataPolling
 .text.manageFans
                0x000000000800254c       0x5c ./Core/Src/main.o
                0x000000000800254c                manageFans
 .text.manageLoRaTransmission
                0x00000000080025a8       0x4c ./Core/Src/main.o
                0x00000000080025a8                manageLoRaTransmission
 .text.main     0x00000000080025f4      0x23c ./Core/Src/main.o
                0x00000000080025f4                main
 .text.SystemClock_Config
                0x0000000008002830       0xec ./Core/Src/main.o
                0x0000000008002830                SystemClock_Config
 .text.PeriphCommonClock_Config
                0x000000000800291c       0x3c ./Core/Src/main.o
                0x000000000800291c                PeriphCommonClock_Config
 .text.MX_ADC1_Init
                0x0000000008002958      0x174 ./Core/Src/main.o
 .text.MX_FDCAN2_Init
                0x0000000008002acc       0xc8 ./Core/Src/main.o
 .text.MX_SPI2_Init
                0x0000000008002b94       0xac ./Core/Src/main.o
 .text.MX_SPI4_Init
                0x0000000008002c40       0xac ./Core/Src/main.o
 .text.MX_UART4_Init
                0x0000000008002cec       0x98 ./Core/Src/main.o
 .text.MX_UART5_Init
                0x0000000008002d84       0x98 ./Core/Src/main.o
 .text.MX_UART7_Init
                0x0000000008002e1c       0x98 ./Core/Src/main.o
 .text.MX_UART8_Init
                0x0000000008002eb4       0x98 ./Core/Src/main.o
 .text.MX_UART9_Init
                0x0000000008002f4c       0x98 ./Core/Src/main.o
 .text.MX_DMA_Init
                0x0000000008002fe4       0x40 ./Core/Src/main.o
 .text.MX_GPIO_Init
                0x0000000008003024      0x1b0 ./Core/Src/main.o
 .text.Error_Handler
                0x00000000080031d4        0xa ./Core/Src/main.o
                0x00000000080031d4                Error_Handler
 *fill*         0x00000000080031de        0x2 
 .text.HAL_MspInit
                0x00000000080031e0       0x34 ./Core/Src/stm32h7xx_hal_msp.o
                0x00000000080031e0                HAL_MspInit
 .text.HAL_ADC_MspInit
                0x0000000008003214      0x210 ./Core/Src/stm32h7xx_hal_msp.o
                0x0000000008003214                HAL_ADC_MspInit
 .text.HAL_FDCAN_MspInit
                0x0000000008003424      0x110 ./Core/Src/stm32h7xx_hal_msp.o
                0x0000000008003424                HAL_FDCAN_MspInit
 .text.HAL_SPI_MspInit
                0x0000000008003534      0x1c0 ./Core/Src/stm32h7xx_hal_msp.o
                0x0000000008003534                HAL_SPI_MspInit
 .text.HAL_UART_MspInit
                0x00000000080036f4      0x438 ./Core/Src/stm32h7xx_hal_msp.o
                0x00000000080036f4                HAL_UART_MspInit
 .text.NMI_Handler
                0x0000000008003b2c        0x6 ./Core/Src/stm32h7xx_it.o
                0x0000000008003b2c                NMI_Handler
 .text.HardFault_Handler
                0x0000000008003b32        0x6 ./Core/Src/stm32h7xx_it.o
                0x0000000008003b32                HardFault_Handler
 .text.MemManage_Handler
                0x0000000008003b38        0x6 ./Core/Src/stm32h7xx_it.o
                0x0000000008003b38                MemManage_Handler
 .text.BusFault_Handler
                0x0000000008003b3e        0x6 ./Core/Src/stm32h7xx_it.o
                0x0000000008003b3e                BusFault_Handler
 .text.UsageFault_Handler
                0x0000000008003b44        0x6 ./Core/Src/stm32h7xx_it.o
                0x0000000008003b44                UsageFault_Handler
 .text.SVC_Handler
                0x0000000008003b4a        0xe ./Core/Src/stm32h7xx_it.o
                0x0000000008003b4a                SVC_Handler
 .text.DebugMon_Handler
                0x0000000008003b58        0xe ./Core/Src/stm32h7xx_it.o
                0x0000000008003b58                DebugMon_Handler
 .text.PendSV_Handler
                0x0000000008003b66        0xe ./Core/Src/stm32h7xx_it.o
                0x0000000008003b66                PendSV_Handler
 .text.SysTick_Handler
                0x0000000008003b74       0x3c ./Core/Src/stm32h7xx_it.o
                0x0000000008003b74                SysTick_Handler
 .text.DMA1_Stream0_IRQHandler
                0x0000000008003bb0       0x14 ./Core/Src/stm32h7xx_it.o
                0x0000000008003bb0                DMA1_Stream0_IRQHandler
 .text.FDCAN2_IT0_IRQHandler
                0x0000000008003bc4       0x14 ./Core/Src/stm32h7xx_it.o
                0x0000000008003bc4                FDCAN2_IT0_IRQHandler
 .text.UART4_IRQHandler
                0x0000000008003bd8       0x14 ./Core/Src/stm32h7xx_it.o
                0x0000000008003bd8                UART4_IRQHandler
 .text.UART5_IRQHandler
                0x0000000008003bec       0x14 ./Core/Src/stm32h7xx_it.o
                0x0000000008003bec                UART5_IRQHandler
 .text.UART7_IRQHandler
                0x0000000008003c00       0x14 ./Core/Src/stm32h7xx_it.o
                0x0000000008003c00                UART7_IRQHandler
 .text.UART8_IRQHandler
                0x0000000008003c14       0x14 ./Core/Src/stm32h7xx_it.o
                0x0000000008003c14                UART8_IRQHandler
 .text._getpid  0x0000000008003c28       0x10 ./Core/Src/syscalls.o
                0x0000000008003c28                _getpid
 .text._kill    0x0000000008003c38       0x20 ./Core/Src/syscalls.o
                0x0000000008003c38                _kill
 .text._exit    0x0000000008003c58       0x14 ./Core/Src/syscalls.o
                0x0000000008003c58                _exit
 .text._read    0x0000000008003c6c       0x3a ./Core/Src/syscalls.o
                0x0000000008003c6c                _read
 .text._write   0x0000000008003ca6       0x38 ./Core/Src/syscalls.o
                0x0000000008003ca6                _write
 .text._close   0x0000000008003cde       0x18 ./Core/Src/syscalls.o
                0x0000000008003cde                _close
 .text._fstat   0x0000000008003cf6       0x20 ./Core/Src/syscalls.o
                0x0000000008003cf6                _fstat
 .text._isatty  0x0000000008003d16       0x16 ./Core/Src/syscalls.o
                0x0000000008003d16                _isatty
 .text._lseek   0x0000000008003d2c       0x1a ./Core/Src/syscalls.o
                0x0000000008003d2c                _lseek
 *fill*         0x0000000008003d46        0x2 
 .text._sbrk    0x0000000008003d48       0x6c ./Core/Src/sysmem.o
                0x0000000008003d48                _sbrk
 .text.SystemInit
                0x0000000008003db4       0xf0 ./Core/Src/system_stm32h7xx.o
                0x0000000008003db4                SystemInit
 .text.Reset_Handler
                0x0000000008003ea4       0x50 ./Core/Startup/startup_stm32h7a3zitxq.o
                0x0000000008003ea4                Reset_Handler
 .text.Default_Handler
                0x0000000008003ef4        0x2 ./Core/Startup/startup_stm32h7a3zitxq.o
                0x0000000008003ef4                BDMA2_Channel4_IRQHandler
                0x0000000008003ef4                EXTI2_IRQHandler
                0x0000000008003ef4                TIM8_CC_IRQHandler
                0x0000000008003ef4                BDMA2_Channel1_IRQHandler
                0x0000000008003ef4                SPI4_IRQHandler
                0x0000000008003ef4                BDMA2_Channel0_IRQHandler
                0x0000000008003ef4                TIM1_CC_IRQHandler
                0x0000000008003ef4                DMA2_Stream5_IRQHandler
                0x0000000008003ef4                JPEG_IRQHandler
                0x0000000008003ef4                DMA1_Stream5_IRQHandler
                0x0000000008003ef4                EXTI3_IRQHandler
                0x0000000008003ef4                LPTIM4_IRQHandler
                0x0000000008003ef4                TIM8_TRG_COM_TIM14_IRQHandler
                0x0000000008003ef4                LPTIM2_IRQHandler
                0x0000000008003ef4                DFSDM1_FLT1_IRQHandler
                0x0000000008003ef4                DMAMUX2_OVR_IRQHandler
                0x0000000008003ef4                GFXMMU_IRQHandler
                0x0000000008003ef4                TIM8_UP_TIM13_IRQHandler
                0x0000000008003ef4                I2C3_ER_IRQHandler
                0x0000000008003ef4                DFSDM1_FLT2_IRQHandler
                0x0000000008003ef4                USART10_IRQHandler
                0x0000000008003ef4                MDMA_IRQHandler
                0x0000000008003ef4                LPTIM3_IRQHandler
                0x0000000008003ef4                BDMA2_Channel3_IRQHandler
                0x0000000008003ef4                HSEM1_IRQHandler
                0x0000000008003ef4                EXTI0_IRQHandler
                0x0000000008003ef4                I2C2_EV_IRQHandler
                0x0000000008003ef4                DAC2_IRQHandler
                0x0000000008003ef4                DMA1_Stream2_IRQHandler
                0x0000000008003ef4                FPU_IRQHandler
                0x0000000008003ef4                OTG_HS_WKUP_IRQHandler
                0x0000000008003ef4                FDCAN1_IT1_IRQHandler
                0x0000000008003ef4                LTDC_ER_IRQHandler
                0x0000000008003ef4                DMA2_Stream2_IRQHandler
                0x0000000008003ef4                SPI1_IRQHandler
                0x0000000008003ef4                OCTOSPI1_IRQHandler
                0x0000000008003ef4                TIM6_DAC_IRQHandler
                0x0000000008003ef4                BDMA2_Channel6_IRQHandler
                0x0000000008003ef4                DMA2_Stream3_IRQHandler
                0x0000000008003ef4                OCTOSPI2_IRQHandler
                0x0000000008003ef4                SAI2_IRQHandler
                0x0000000008003ef4                BDMA1_IRQHandler
                0x0000000008003ef4                DFSDM1_FLT3_IRQHandler
                0x0000000008003ef4                USART6_IRQHandler
                0x0000000008003ef4                TIM17_IRQHandler
                0x0000000008003ef4                USART3_IRQHandler
                0x0000000008003ef4                LPTIM5_IRQHandler
                0x0000000008003ef4                DMA2_Stream0_IRQHandler
                0x0000000008003ef4                TIM4_IRQHandler
                0x0000000008003ef4                I2C1_EV_IRQHandler
                0x0000000008003ef4                DMA1_Stream6_IRQHandler
                0x0000000008003ef4                DMAMUX1_OVR_IRQHandler
                0x0000000008003ef4                DMA1_Stream1_IRQHandler
                0x0000000008003ef4                TIM16_IRQHandler
                0x0000000008003ef4                TIM3_IRQHandler
                0x0000000008003ef4                RCC_IRQHandler
                0x0000000008003ef4                UART9_IRQHandler
                0x0000000008003ef4                TIM8_BRK_TIM12_IRQHandler
                0x0000000008003ef4                TIM1_TRG_COM_IRQHandler
                0x0000000008003ef4                Default_Handler
                0x0000000008003ef4                ECC_IRQHandler
                0x0000000008003ef4                BDMA2_Channel2_IRQHandler
                0x0000000008003ef4                CEC_IRQHandler
                0x0000000008003ef4                EXTI15_10_IRQHandler
                0x0000000008003ef4                DFSDM1_FLT4_IRQHandler
                0x0000000008003ef4                ADC_IRQHandler
                0x0000000008003ef4                DMA1_Stream7_IRQHandler
                0x0000000008003ef4                SPI5_IRQHandler
                0x0000000008003ef4                TIM7_IRQHandler
                0x0000000008003ef4                SDMMC1_IRQHandler
                0x0000000008003ef4                TIM5_IRQHandler
                0x0000000008003ef4                DMA2_Stream7_IRQHandler
                0x0000000008003ef4                TIM15_IRQHandler
                0x0000000008003ef4                I2C3_EV_IRQHandler
                0x0000000008003ef4                DFSDM2_IRQHandler
                0x0000000008003ef4                EXTI9_5_IRQHandler
                0x0000000008003ef4                RTC_WKUP_IRQHandler
                0x0000000008003ef4                LTDC_IRQHandler
                0x0000000008003ef4                SPDIF_RX_IRQHandler
                0x0000000008003ef4                PVD_PVM_IRQHandler
                0x0000000008003ef4                SPI2_IRQHandler
                0x0000000008003ef4                OTG_HS_EP1_IN_IRQHandler
                0x0000000008003ef4                DFSDM1_FLT5_IRQHandler
                0x0000000008003ef4                CRS_IRQHandler
                0x0000000008003ef4                EXTI4_IRQHandler
                0x0000000008003ef4                DFSDM1_FLT6_IRQHandler
                0x0000000008003ef4                RNG_IRQHandler
                0x0000000008003ef4                FDCAN2_IT1_IRQHandler
                0x0000000008003ef4                COMP_IRQHandler
                0x0000000008003ef4                TIM1_UP_IRQHandler
                0x0000000008003ef4                OTG_HS_EP1_OUT_IRQHandler
                0x0000000008003ef4                WWDG_IRQHandler
                0x0000000008003ef4                SPI6_IRQHandler
                0x0000000008003ef4                MDIOS_IRQHandler
                0x0000000008003ef4                I2C4_EV_IRQHandler
                0x0000000008003ef4                LPUART1_IRQHandler
                0x0000000008003ef4                FDCAN1_IT0_IRQHandler
                0x0000000008003ef4                TIM2_IRQHandler
                0x0000000008003ef4                BDMA2_Channel5_IRQHandler
                0x0000000008003ef4                OTG_HS_IRQHandler
                0x0000000008003ef4                DMA2D_IRQHandler
                0x0000000008003ef4                TIM1_BRK_IRQHandler
                0x0000000008003ef4                EXTI1_IRQHandler
                0x0000000008003ef4                SDMMC2_IRQHandler
                0x0000000008003ef4                DTS_IRQHandler
                0x0000000008003ef4                MDIOS_WKUP_IRQHandler
                0x0000000008003ef4                USART2_IRQHandler
                0x0000000008003ef4                DFSDM1_FLT0_IRQHandler
                0x0000000008003ef4                I2C2_ER_IRQHandler
                0x0000000008003ef4                DMA2_Stream1_IRQHandler
                0x0000000008003ef4                DFSDM1_FLT7_IRQHandler
                0x0000000008003ef4                FLASH_IRQHandler
                0x0000000008003ef4                DMA2_Stream4_IRQHandler
                0x0000000008003ef4                USART1_IRQHandler
                0x0000000008003ef4                SPI3_IRQHandler
                0x0000000008003ef4                WAKEUP_PIN_IRQHandler
                0x0000000008003ef4                DMA1_Stream4_IRQHandler
                0x0000000008003ef4                I2C1_ER_IRQHandler
                0x0000000008003ef4                FMC_IRQHandler
                0x0000000008003ef4                BDMA2_Channel7_IRQHandler
                0x0000000008003ef4                FDCAN_CAL_IRQHandler
                0x0000000008003ef4                SWPMI1_IRQHandler
                0x0000000008003ef4                LPTIM1_IRQHandler
                0x0000000008003ef4                DCMI_PSSI_IRQHandler
                0x0000000008003ef4                I2C4_ER_IRQHandler
                0x0000000008003ef4                DMA2_Stream6_IRQHandler
                0x0000000008003ef4                SAI1_IRQHandler
                0x0000000008003ef4                DMA1_Stream3_IRQHandler
                0x0000000008003ef4                RTC_TAMP_STAMP_CSS_LSE_IRQHandler
                0x0000000008003ef4                RTC_Alarm_IRQHandler
 *fill*         0x0000000008003ef6        0x2 
 .text.HAL_Init
                0x0000000008003ef8       0x78 ./Drivers/STM32H7xx_HAL_Driver/Src/stm32h7xx_hal.o
                0x0000000008003ef8                HAL_Init
 .text.HAL_InitTick
                0x0000000008003f70       0x6c ./Drivers/STM32H7xx_HAL_Driver/Src/stm32h7xx_hal.o
                0x0000000008003f70                HAL_InitTick
 .text.HAL_IncTick
                0x0000000008003fdc       0x28 ./Drivers/STM32H7xx_HAL_Driver/Src/stm32h7xx_hal.o
                0x0000000008003fdc                HAL_IncTick
 .text.HAL_GetTick
                0x0000000008004004       0x18 ./Drivers/STM32H7xx_HAL_Driver/Src/stm32h7xx_hal.o
                0x0000000008004004                HAL_GetTick
 .text.HAL_Delay
                0x000000000800401c       0x48 ./Drivers/STM32H7xx_HAL_Driver/Src/stm32h7xx_hal.o
                0x000000000800401c                HAL_Delay
 .text.LL_ADC_SetCommonClock
                0x0000000008004064       0x26 ./Drivers/STM32H7xx_HAL_Driver/Src/stm32h7xx_hal_adc.o
 .text.LL_ADC_SetCommonPathInternalCh
                0x000000000800408a       0x26 ./Drivers/STM32H7xx_HAL_Driver/Src/stm32h7xx_hal_adc.o
 .text.LL_ADC_GetCommonPathInternalCh
                0x00000000080040b0       0x1c ./Drivers/STM32H7xx_HAL_Driver/Src/stm32h7xx_hal_adc.o
 .text.LL_ADC_SetOffset
                0x00000000080040cc       0x40 ./Drivers/STM32H7xx_HAL_Driver/Src/stm32h7xx_hal_adc.o
 .text.LL_ADC_SetDataRightShift
                0x000000000800410c       0x32 ./Drivers/STM32H7xx_HAL_Driver/Src/stm32h7xx_hal_adc.o
 .text.LL_ADC_SetOffsetSignedSaturation
                0x000000000800413e       0x36 ./Drivers/STM32H7xx_HAL_Driver/Src/stm32h7xx_hal_adc.o
 .text.LL_ADC_REG_IsTriggerSourceSWStart
                0x0000000008004174       0x26 ./Drivers/STM32H7xx_HAL_Driver/Src/stm32h7xx_hal_adc.o
 .text.LL_ADC_REG_SetSequencerRanks
                0x000000000800419a       0x58 ./Drivers/STM32H7xx_HAL_Driver/Src/stm32h7xx_hal_adc.o
 .text.LL_ADC_REG_SetDataTransferMode
                0x00000000080041f2       0x26 ./Drivers/STM32H7xx_HAL_Driver/Src/stm32h7xx_hal_adc.o
 .text.LL_ADC_SetChannelSamplingTime
                0x0000000008004218       0x56 ./Drivers/STM32H7xx_HAL_Driver/Src/stm32h7xx_hal_adc.o
 *fill*         0x000000000800426e        0x2 
 .text.LL_ADC_SetChannelSingleDiff
                0x0000000008004270       0x48 ./Drivers/STM32H7xx_HAL_Driver/Src/stm32h7xx_hal_adc.o
 .text.LL_ADC_GetMultimode
                0x00000000080042b8       0x1c ./Drivers/STM32H7xx_HAL_Driver/Src/stm32h7xx_hal_adc.o
 .text.LL_ADC_DisableDeepPowerDown
                0x00000000080042d4       0x24 ./Drivers/STM32H7xx_HAL_Driver/Src/stm32h7xx_hal_adc.o
 .text.LL_ADC_IsDeepPowerDownEnabled
                0x00000000080042f8       0x28 ./Drivers/STM32H7xx_HAL_Driver/Src/stm32h7xx_hal_adc.o
 .text.LL_ADC_EnableInternalRegulator
                0x0000000008004320       0x28 ./Drivers/STM32H7xx_HAL_Driver/Src/stm32h7xx_hal_adc.o
 .text.LL_ADC_IsInternalRegulatorEnabled
                0x0000000008004348       0x28 ./Drivers/STM32H7xx_HAL_Driver/Src/stm32h7xx_hal_adc.o
 .text.LL_ADC_Enable
                0x0000000008004370       0x28 ./Drivers/STM32H7xx_HAL_Driver/Src/stm32h7xx_hal_adc.o
 .text.LL_ADC_IsEnabled
                0x0000000008004398       0x26 ./Drivers/STM32H7xx_HAL_Driver/Src/stm32h7xx_hal_adc.o
 *fill*         0x00000000080043be        0x2 
 .text.LL_ADC_REG_StartConversion
                0x00000000080043c0       0x28 ./Drivers/STM32H7xx_HAL_Driver/Src/stm32h7xx_hal_adc.o
 .text.LL_ADC_REG_IsConversionOngoing
                0x00000000080043e8       0x26 ./Drivers/STM32H7xx_HAL_Driver/Src/stm32h7xx_hal_adc.o
 .text.LL_ADC_INJ_IsConversionOngoing
                0x000000000800440e       0x26 ./Drivers/STM32H7xx_HAL_Driver/Src/stm32h7xx_hal_adc.o
 .text.HAL_ADC_Init
                0x0000000008004434      0x2b4 ./Drivers/STM32H7xx_HAL_Driver/Src/stm32h7xx_hal_adc.o
                0x0000000008004434                HAL_ADC_Init
 .text.HAL_ADC_Start_DMA
                0x00000000080046e8      0x168 ./Drivers/STM32H7xx_HAL_Driver/Src/stm32h7xx_hal_adc.o
                0x00000000080046e8                HAL_ADC_Start_DMA
 .text.HAL_ADC_ConvHalfCpltCallback
                0x0000000008004850       0x14 ./Drivers/STM32H7xx_HAL_Driver/Src/stm32h7xx_hal_adc.o
                0x0000000008004850                HAL_ADC_ConvHalfCpltCallback
 .text.HAL_ADC_ErrorCallback
                0x0000000008004864       0x14 ./Drivers/STM32H7xx_HAL_Driver/Src/stm32h7xx_hal_adc.o
                0x0000000008004864                HAL_ADC_ErrorCallback
 .text.HAL_ADC_ConfigChannel
                0x0000000008004878      0x5cc ./Drivers/STM32H7xx_HAL_Driver/Src/stm32h7xx_hal_adc.o
                0x0000000008004878                HAL_ADC_ConfigChannel
 .text.ADC_Enable
                0x0000000008004e44       0xf8 ./Drivers/STM32H7xx_HAL_Driver/Src/stm32h7xx_hal_adc.o
                0x0000000008004e44                ADC_Enable
 .text.ADC_DMAConvCplt
                0x0000000008004f3c       0xd8 ./Drivers/STM32H7xx_HAL_Driver/Src/stm32h7xx_hal_adc.o
                0x0000000008004f3c                ADC_DMAConvCplt
 .text.ADC_DMAHalfConvCplt
                0x0000000008005014       0x1c ./Drivers/STM32H7xx_HAL_Driver/Src/stm32h7xx_hal_adc.o
                0x0000000008005014                ADC_DMAHalfConvCplt
 .text.ADC_DMAError
                0x0000000008005030       0x34 ./Drivers/STM32H7xx_HAL_Driver/Src/stm32h7xx_hal_adc.o
                0x0000000008005030                ADC_DMAError
 .text.ADC_ConfigureBoostMode
                0x0000000008005064      0x19c ./Drivers/STM32H7xx_HAL_Driver/Src/stm32h7xx_hal_adc.o
                0x0000000008005064                ADC_ConfigureBoostMode
 .text.LL_ADC_IsEnabled
                0x0000000008005200       0x26 ./Drivers/STM32H7xx_HAL_Driver/Src/stm32h7xx_hal_adc_ex.o
 .text.LL_ADC_REG_IsConversionOngoing
                0x0000000008005226       0x26 ./Drivers/STM32H7xx_HAL_Driver/Src/stm32h7xx_hal_adc_ex.o
 .text.HAL_ADCEx_MultiModeConfigChannel
                0x000000000800524c      0x138 ./Drivers/STM32H7xx_HAL_Driver/Src/stm32h7xx_hal_adc_ex.o
                0x000000000800524c                HAL_ADCEx_MultiModeConfigChannel
 .text.__NVIC_SetPriorityGrouping
                0x0000000008005384       0x48 ./Drivers/STM32H7xx_HAL_Driver/Src/stm32h7xx_hal_cortex.o
 .text.__NVIC_GetPriorityGrouping
                0x00000000080053cc       0x1c ./Drivers/STM32H7xx_HAL_Driver/Src/stm32h7xx_hal_cortex.o
 .text.__NVIC_EnableIRQ
                0x00000000080053e8       0x3c ./Drivers/STM32H7xx_HAL_Driver/Src/stm32h7xx_hal_cortex.o
 .text.__NVIC_SetPriority
                0x0000000008005424       0x54 ./Drivers/STM32H7xx_HAL_Driver/Src/stm32h7xx_hal_cortex.o
 .text.NVIC_EncodePriority
                0x0000000008005478       0x66 ./Drivers/STM32H7xx_HAL_Driver/Src/stm32h7xx_hal_cortex.o
 *fill*         0x00000000080054de        0x2 
 .text.SysTick_Config
                0x00000000080054e0       0x44 ./Drivers/STM32H7xx_HAL_Driver/Src/stm32h7xx_hal_cortex.o
 .text.HAL_NVIC_SetPriorityGrouping
                0x0000000008005524       0x16 ./Drivers/STM32H7xx_HAL_Driver/Src/stm32h7xx_hal_cortex.o
                0x0000000008005524                HAL_NVIC_SetPriorityGrouping
 .text.HAL_NVIC_SetPriority
                0x000000000800553a       0x34 ./Drivers/STM32H7xx_HAL_Driver/Src/stm32h7xx_hal_cortex.o
                0x000000000800553a                HAL_NVIC_SetPriority
 .text.HAL_NVIC_EnableIRQ
                0x000000000800556e       0x1c ./Drivers/STM32H7xx_HAL_Driver/Src/stm32h7xx_hal_cortex.o
                0x000000000800556e                HAL_NVIC_EnableIRQ
 .text.HAL_SYSTICK_Config
                0x000000000800558a       0x18 ./Drivers/STM32H7xx_HAL_Driver/Src/stm32h7xx_hal_cortex.o
                0x000000000800558a                HAL_SYSTICK_Config
 *fill*         0x00000000080055a2        0x2 
 .text.HAL_DMA_Init
                0x00000000080055a4      0x720 ./Drivers/STM32H7xx_HAL_Driver/Src/stm32h7xx_hal_dma.o
                0x00000000080055a4                HAL_DMA_Init
 .text.HAL_DMA_Start_IT
                0x0000000008005cc4      0x4d4 ./Drivers/STM32H7xx_HAL_Driver/Src/stm32h7xx_hal_dma.o
                0x0000000008005cc4                HAL_DMA_Start_IT
 .text.HAL_DMA_Abort
                0x0000000008006198      0x63c ./Drivers/STM32H7xx_HAL_Driver/Src/stm32h7xx_hal_dma.o
                0x0000000008006198                HAL_DMA_Abort
 .text.HAL_DMA_Abort_IT
                0x00000000080067d4      0x48c ./Drivers/STM32H7xx_HAL_Driver/Src/stm32h7xx_hal_dma.o
                0x00000000080067d4                HAL_DMA_Abort_IT
 .text.HAL_DMA_IRQHandler
                0x0000000008006c60      0xec4 ./Drivers/STM32H7xx_HAL_Driver/Src/stm32h7xx_hal_dma.o
                0x0000000008006c60                HAL_DMA_IRQHandler
 .text.DMA_SetConfig
                0x0000000008007b24      0x3c8 ./Drivers/STM32H7xx_HAL_Driver/Src/stm32h7xx_hal_dma.o
 .text.DMA_CalcBaseAndBitshift
                0x0000000008007eec      0x164 ./Drivers/STM32H7xx_HAL_Driver/Src/stm32h7xx_hal_dma.o
 .text.DMA_CheckFifoParam
                0x0000000008008050       0xf8 ./Drivers/STM32H7xx_HAL_Driver/Src/stm32h7xx_hal_dma.o
 .text.DMA_CalcDMAMUXChannelBaseAndMask
                0x0000000008008148      0x134 ./Drivers/STM32H7xx_HAL_Driver/Src/stm32h7xx_hal_dma.o
 .text.DMA_CalcDMAMUXRequestGenBaseAndMask
                0x000000000800827c       0xe8 ./Drivers/STM32H7xx_HAL_Driver/Src/stm32h7xx_hal_dma.o
 .text.HAL_FDCAN_Init
                0x0000000008008364      0x3bc ./Drivers/STM32H7xx_HAL_Driver/Src/stm32h7xx_hal_fdcan.o
                0x0000000008008364                HAL_FDCAN_Init
 .text.HAL_FDCAN_Start
                0x0000000008008720       0x56 ./Drivers/STM32H7xx_HAL_Driver/Src/stm32h7xx_hal_fdcan.o
                0x0000000008008720                HAL_FDCAN_Start
 *fill*         0x0000000008008776        0x2 
 .text.HAL_FDCAN_ActivateNotification
                0x0000000008008778       0xf4 ./Drivers/STM32H7xx_HAL_Driver/Src/stm32h7xx_hal_fdcan.o
                0x0000000008008778                HAL_FDCAN_ActivateNotification
 .text.HAL_FDCAN_IRQHandler
                0x000000000800886c      0x4bc ./Drivers/STM32H7xx_HAL_Driver/Src/stm32h7xx_hal_fdcan.o
                0x000000000800886c                HAL_FDCAN_IRQHandler
 .text.HAL_FDCAN_ClockCalibrationCallback
                0x0000000008008d28       0x16 ./Drivers/STM32H7xx_HAL_Driver/Src/stm32h7xx_hal_fdcan.o
                0x0000000008008d28                HAL_FDCAN_ClockCalibrationCallback
 .text.HAL_FDCAN_TxEventFifoCallback
                0x0000000008008d3e       0x16 ./Drivers/STM32H7xx_HAL_Driver/Src/stm32h7xx_hal_fdcan.o
                0x0000000008008d3e                HAL_FDCAN_TxEventFifoCallback
 .text.HAL_FDCAN_RxFifo0Callback
                0x0000000008008d54       0x16 ./Drivers/STM32H7xx_HAL_Driver/Src/stm32h7xx_hal_fdcan.o
                0x0000000008008d54                HAL_FDCAN_RxFifo0Callback
 .text.HAL_FDCAN_RxFifo1Callback
                0x0000000008008d6a       0x16 ./Drivers/STM32H7xx_HAL_Driver/Src/stm32h7xx_hal_fdcan.o
                0x0000000008008d6a                HAL_FDCAN_RxFifo1Callback
 .text.HAL_FDCAN_TxFifoEmptyCallback
                0x0000000008008d80       0x14 ./Drivers/STM32H7xx_HAL_Driver/Src/stm32h7xx_hal_fdcan.o
                0x0000000008008d80                HAL_FDCAN_TxFifoEmptyCallback
 .text.HAL_FDCAN_TxBufferCompleteCallback
                0x0000000008008d94       0x16 ./Drivers/STM32H7xx_HAL_Driver/Src/stm32h7xx_hal_fdcan.o
                0x0000000008008d94                HAL_FDCAN_TxBufferCompleteCallback
 .text.HAL_FDCAN_TxBufferAbortCallback
                0x0000000008008daa       0x16 ./Drivers/STM32H7xx_HAL_Driver/Src/stm32h7xx_hal_fdcan.o
                0x0000000008008daa                HAL_FDCAN_TxBufferAbortCallback
 .text.HAL_FDCAN_RxBufferNewMessageCallback
                0x0000000008008dc0       0x14 ./Drivers/STM32H7xx_HAL_Driver/Src/stm32h7xx_hal_fdcan.o
                0x0000000008008dc0                HAL_FDCAN_RxBufferNewMessageCallback
 .text.HAL_FDCAN_TimestampWraparoundCallback
                0x0000000008008dd4       0x14 ./Drivers/STM32H7xx_HAL_Driver/Src/stm32h7xx_hal_fdcan.o
                0x0000000008008dd4                HAL_FDCAN_TimestampWraparoundCallback
 .text.HAL_FDCAN_TimeoutOccurredCallback
                0x0000000008008de8       0x14 ./Drivers/STM32H7xx_HAL_Driver/Src/stm32h7xx_hal_fdcan.o
                0x0000000008008de8                HAL_FDCAN_TimeoutOccurredCallback
 .text.HAL_FDCAN_HighPriorityMessageCallback
                0x0000000008008dfc       0x14 ./Drivers/STM32H7xx_HAL_Driver/Src/stm32h7xx_hal_fdcan.o
                0x0000000008008dfc                HAL_FDCAN_HighPriorityMessageCallback
 .text.HAL_FDCAN_ErrorCallback
                0x0000000008008e10       0x14 ./Drivers/STM32H7xx_HAL_Driver/Src/stm32h7xx_hal_fdcan.o
                0x0000000008008e10                HAL_FDCAN_ErrorCallback
 .text.HAL_FDCAN_ErrorStatusCallback
                0x0000000008008e24       0x16 ./Drivers/STM32H7xx_HAL_Driver/Src/stm32h7xx_hal_fdcan.o
                0x0000000008008e24                HAL_FDCAN_ErrorStatusCallback
 .text.HAL_FDCAN_TT_ScheduleSyncCallback
                0x0000000008008e3a       0x16 ./Drivers/STM32H7xx_HAL_Driver/Src/stm32h7xx_hal_fdcan.o
                0x0000000008008e3a                HAL_FDCAN_TT_ScheduleSyncCallback
 .text.HAL_FDCAN_TT_TimeMarkCallback
                0x0000000008008e50       0x16 ./Drivers/STM32H7xx_HAL_Driver/Src/stm32h7xx_hal_fdcan.o
                0x0000000008008e50                HAL_FDCAN_TT_TimeMarkCallback
 .text.HAL_FDCAN_TT_StopWatchCallback
                0x0000000008008e66       0x18 ./Drivers/STM32H7xx_HAL_Driver/Src/stm32h7xx_hal_fdcan.o
                0x0000000008008e66                HAL_FDCAN_TT_StopWatchCallback
 .text.HAL_FDCAN_TT_GlobalTimeCallback
                0x0000000008008e7e       0x16 ./Drivers/STM32H7xx_HAL_Driver/Src/stm32h7xx_hal_fdcan.o
                0x0000000008008e7e                HAL_FDCAN_TT_GlobalTimeCallback
 .text.FDCAN_CalcultateRamBlockAddresses
                0x0000000008008e94      0x30c ./Drivers/STM32H7xx_HAL_Driver/Src/stm32h7xx_hal_fdcan.o
 .text.HAL_GPIO_Init
                0x00000000080091a0      0x360 ./Drivers/STM32H7xx_HAL_Driver/Src/stm32h7xx_hal_gpio.o
                0x00000000080091a0                HAL_GPIO_Init
 .text.HAL_GPIO_ReadPin
                0x0000000008009500       0x30 ./Drivers/STM32H7xx_HAL_Driver/Src/stm32h7xx_hal_gpio.o
                0x0000000008009500                HAL_GPIO_ReadPin
 .text.HAL_GPIO_WritePin
                0x0000000008009530       0x32 ./Drivers/STM32H7xx_HAL_Driver/Src/stm32h7xx_hal_gpio.o
                0x0000000008009530                HAL_GPIO_WritePin
 *fill*         0x0000000008009562        0x2 
 .text.HAL_PWREx_ConfigSupply
                0x0000000008009564       0xb4 ./Drivers/STM32H7xx_HAL_Driver/Src/stm32h7xx_hal_pwr_ex.o
                0x0000000008009564                HAL_PWREx_ConfigSupply
 .text.HAL_RCC_OscConfig
                0x0000000008009618      0x864 ./Drivers/STM32H7xx_HAL_Driver/Src/stm32h7xx_hal_rcc.o
                0x0000000008009618                HAL_RCC_OscConfig
 .text.HAL_RCC_ClockConfig
                0x0000000008009e7c      0x36c ./Drivers/STM32H7xx_HAL_Driver/Src/stm32h7xx_hal_rcc.o
                0x0000000008009e7c                HAL_RCC_ClockConfig
 .text.HAL_RCC_GetSysClockFreq
                0x000000000800a1e8      0x2f4 ./Drivers/STM32H7xx_HAL_Driver/Src/stm32h7xx_hal_rcc.o
                0x000000000800a1e8                HAL_RCC_GetSysClockFreq
 .text.HAL_RCC_GetHCLKFreq
                0x000000000800a4dc       0x60 ./Drivers/STM32H7xx_HAL_Driver/Src/stm32h7xx_hal_rcc.o
                0x000000000800a4dc                HAL_RCC_GetHCLKFreq
 .text.HAL_RCC_GetPCLK1Freq
                0x000000000800a53c       0x2c ./Drivers/STM32H7xx_HAL_Driver/Src/stm32h7xx_hal_rcc.o
                0x000000000800a53c                HAL_RCC_GetPCLK1Freq
 .text.HAL_RCC_GetPCLK2Freq
                0x000000000800a568       0x2c ./Drivers/STM32H7xx_HAL_Driver/Src/stm32h7xx_hal_rcc.o
                0x000000000800a568                HAL_RCC_GetPCLK2Freq
 .text.HAL_RCCEx_PeriphCLKConfig
                0x000000000800a594     0x137c ./Drivers/STM32H7xx_HAL_Driver/Src/stm32h7xx_hal_rcc_ex.o
                0x000000000800a594                HAL_RCCEx_PeriphCLKConfig
 .text.HAL_RCCEx_GetPeriphCLKFreq
                0x000000000800b910      0x9b0 ./Drivers/STM32H7xx_HAL_Driver/Src/stm32h7xx_hal_rcc_ex.o
                0x000000000800b910                HAL_RCCEx_GetPeriphCLKFreq
 .text.HAL_RCCEx_GetD3PCLK1Freq
                0x000000000800c2c0       0x2c ./Drivers/STM32H7xx_HAL_Driver/Src/stm32h7xx_hal_rcc_ex.o
                0x000000000800c2c0                HAL_RCCEx_GetD3PCLK1Freq
 .text.HAL_RCCEx_GetPLL2ClockFreq
                0x000000000800c2ec      0x2a8 ./Drivers/STM32H7xx_HAL_Driver/Src/stm32h7xx_hal_rcc_ex.o
                0x000000000800c2ec                HAL_RCCEx_GetPLL2ClockFreq
 .text.HAL_RCCEx_GetPLL3ClockFreq
                0x000000000800c594      0x2a8 ./Drivers/STM32H7xx_HAL_Driver/Src/stm32h7xx_hal_rcc_ex.o
                0x000000000800c594                HAL_RCCEx_GetPLL3ClockFreq
 .text.HAL_RCCEx_GetPLL1ClockFreq
                0x000000000800c83c      0x2a4 ./Drivers/STM32H7xx_HAL_Driver/Src/stm32h7xx_hal_rcc_ex.o
                0x000000000800c83c                HAL_RCCEx_GetPLL1ClockFreq
 .text.RCCEx_PLL2_Config
                0x000000000800cae0      0x164 ./Drivers/STM32H7xx_HAL_Driver/Src/stm32h7xx_hal_rcc_ex.o
 .text.RCCEx_PLL3_Config
                0x000000000800cc44      0x164 ./Drivers/STM32H7xx_HAL_Driver/Src/stm32h7xx_hal_rcc_ex.o
 .text.HAL_SPI_Init
                0x000000000800cda8      0x248 ./Drivers/STM32H7xx_HAL_Driver/Src/stm32h7xx_hal_spi.o
                0x000000000800cda8                HAL_SPI_Init
 .text.HAL_SPI_Transmit
                0x000000000800cff0      0x3f8 ./Drivers/STM32H7xx_HAL_Driver/Src/stm32h7xx_hal_spi.o
                0x000000000800cff0                HAL_SPI_Transmit
 .text.HAL_SPI_TransmitReceive
                0x000000000800d3e8      0x438 ./Drivers/STM32H7xx_HAL_Driver/Src/stm32h7xx_hal_spi.o
                0x000000000800d3e8                HAL_SPI_TransmitReceive
 .text.SPI_CloseTransfer
                0x000000000800d820      0x140 ./Drivers/STM32H7xx_HAL_Driver/Src/stm32h7xx_hal_spi.o
 .text.SPI_WaitOnFlagUntilTimeout
                0x000000000800d960       0x5c ./Drivers/STM32H7xx_HAL_Driver/Src/stm32h7xx_hal_spi.o
 .text.SPI_GetPacketSize
                0x000000000800d9bc       0x36 ./Drivers/STM32H7xx_HAL_Driver/Src/stm32h7xx_hal_spi.o
 .text.HAL_UART_Init
                0x000000000800d9f2       0xa0 ./Drivers/STM32H7xx_HAL_Driver/Src/stm32h7xx_hal_uart.o
                0x000000000800d9f2                HAL_UART_Init
 .text.HAL_UART_Transmit
                0x000000000800da92      0x11c ./Drivers/STM32H7xx_HAL_Driver/Src/stm32h7xx_hal_uart.o
                0x000000000800da92                HAL_UART_Transmit
 .text.HAL_UART_Receive
                0x000000000800dbae      0x190 ./Drivers/STM32H7xx_HAL_Driver/Src/stm32h7xx_hal_uart.o
                0x000000000800dbae                HAL_UART_Receive
 *fill*         0x000000000800dd3e        0x2 
 .text.HAL_UART_Receive_IT
                0x000000000800dd40       0x98 ./Drivers/STM32H7xx_HAL_Driver/Src/stm32h7xx_hal_uart.o
                0x000000000800dd40                HAL_UART_Receive_IT
 .text.HAL_UART_IRQHandler
                0x000000000800ddd8      0x774 ./Drivers/STM32H7xx_HAL_Driver/Src/stm32h7xx_hal_uart.o
                0x000000000800ddd8                HAL_UART_IRQHandler
 .text.HAL_UART_TxCpltCallback
                0x000000000800e54c       0x14 ./Drivers/STM32H7xx_HAL_Driver/Src/stm32h7xx_hal_uart.o
                0x000000000800e54c                HAL_UART_TxCpltCallback
 .text.HAL_UART_RxCpltCallback
                0x000000000800e560       0x14 ./Drivers/STM32H7xx_HAL_Driver/Src/stm32h7xx_hal_uart.o
                0x000000000800e560                HAL_UART_RxCpltCallback
 .text.HAL_UART_ErrorCallback
                0x000000000800e574       0x14 ./Drivers/STM32H7xx_HAL_Driver/Src/stm32h7xx_hal_uart.o
                0x000000000800e574                HAL_UART_ErrorCallback
 .text.UART_SetConfig
                0x000000000800e588      0xcd8 ./Drivers/STM32H7xx_HAL_Driver/Src/stm32h7xx_hal_uart.o
                0x000000000800e588                UART_SetConfig
 .text.UART_AdvFeatureConfig
                0x000000000800f260      0x144 ./Drivers/STM32H7xx_HAL_Driver/Src/stm32h7xx_hal_uart.o
                0x000000000800f260                UART_AdvFeatureConfig
 .text.UART_CheckIdleState
                0x000000000800f3a4      0x154 ./Drivers/STM32H7xx_HAL_Driver/Src/stm32h7xx_hal_uart.o
                0x000000000800f3a4                UART_CheckIdleState
 .text.UART_WaitOnFlagUntilTimeout
                0x000000000800f4f8       0xce ./Drivers/STM32H7xx_HAL_Driver/Src/stm32h7xx_hal_uart.o
                0x000000000800f4f8                UART_WaitOnFlagUntilTimeout
 *fill*         0x000000000800f5c6        0x2 
 .text.UART_Start_Receive_IT
                0x000000000800f5c8      0x244 ./Drivers/STM32H7xx_HAL_Driver/Src/stm32h7xx_hal_uart.o
                0x000000000800f5c8                UART_Start_Receive_IT
 .text.UART_EndRxTransfer
                0x000000000800f80c       0xcc ./Drivers/STM32H7xx_HAL_Driver/Src/stm32h7xx_hal_uart.o
 .text.UART_DMAAbortOnError
                0x000000000800f8d8       0x2c ./Drivers/STM32H7xx_HAL_Driver/Src/stm32h7xx_hal_uart.o
 .text.UART_EndTransmit_IT
                0x000000000800f904       0x56 ./Drivers/STM32H7xx_HAL_Driver/Src/stm32h7xx_hal_uart.o
 *fill*         0x000000000800f95a        0x2 
 .text.UART_RxISR_8BIT
                0x000000000800f95c      0x1b8 ./Drivers/STM32H7xx_HAL_Driver/Src/stm32h7xx_hal_uart.o
 .text.UART_RxISR_16BIT
                0x000000000800fb14      0x1b8 ./Drivers/STM32H7xx_HAL_Driver/Src/stm32h7xx_hal_uart.o
 .text.UART_RxISR_8BIT_FIFOEN
                0x000000000800fccc      0x360 ./Drivers/STM32H7xx_HAL_Driver/Src/stm32h7xx_hal_uart.o
 .text.UART_RxISR_16BIT_FIFOEN
                0x000000000801002c      0x368 ./Drivers/STM32H7xx_HAL_Driver/Src/stm32h7xx_hal_uart.o
 .text.HAL_UARTEx_WakeupCallback
                0x0000000008010394       0x14 ./Drivers/STM32H7xx_HAL_Driver/Src/stm32h7xx_hal_uart_ex.o
                0x0000000008010394                HAL_UARTEx_WakeupCallback
 .text.HAL_UARTEx_RxFifoFullCallback
                0x00000000080103a8       0x14 ./Drivers/STM32H7xx_HAL_Driver/Src/stm32h7xx_hal_uart_ex.o
                0x00000000080103a8                HAL_UARTEx_RxFifoFullCallback
 .text.HAL_UARTEx_TxFifoEmptyCallback
                0x00000000080103bc       0x14 ./Drivers/STM32H7xx_HAL_Driver/Src/stm32h7xx_hal_uart_ex.o
                0x00000000080103bc                HAL_UARTEx_TxFifoEmptyCallback
 .text.HAL_UARTEx_DisableFifoMode
                0x00000000080103d0       0x72 ./Drivers/STM32H7xx_HAL_Driver/Src/stm32h7xx_hal_uart_ex.o
                0x00000000080103d0                HAL_UARTEx_DisableFifoMode
 .text.HAL_UARTEx_SetTxFifoThreshold
                0x0000000008010442       0x7c ./Drivers/STM32H7xx_HAL_Driver/Src/stm32h7xx_hal_uart_ex.o
                0x0000000008010442                HAL_UARTEx_SetTxFifoThreshold
 .text.HAL_UARTEx_SetRxFifoThreshold
                0x00000000080104be       0x7c ./Drivers/STM32H7xx_HAL_Driver/Src/stm32h7xx_hal_uart_ex.o
                0x00000000080104be                HAL_UARTEx_SetRxFifoThreshold
 .text.HAL_UARTEx_ReceiveToIdle_IT
                0x000000000801053a       0xa8 ./Drivers/STM32H7xx_HAL_Driver/Src/stm32h7xx_hal_uart_ex.o
                0x000000000801053a                HAL_UARTEx_ReceiveToIdle_IT
 *fill*         0x00000000080105e2        0x2 
 .text.UARTEx_SetNbDataToProcess
                0x00000000080105e4       0x9c ./Drivers/STM32H7xx_HAL_Driver/Src/stm32h7xx_hal_uart_ex.o
 .text.MX_FATFS_Init
                0x0000000008010680       0x24 ./FATFS/App/fatfs.o
                0x0000000008010680                MX_FATFS_Init
 .text.get_fattime
                0x00000000080106a4       0x10 ./FATFS/App/fatfs.o
                0x00000000080106a4                get_fattime
 .text.USER_initialize
                0x00000000080106b4       0x1c ./FATFS/Target/user_diskio.o
                0x00000000080106b4                USER_initialize
 .text.USER_status
                0x00000000080106d0       0x1c ./FATFS/Target/user_diskio.o
                0x00000000080106d0                USER_status
 .text.USER_read
                0x00000000080106ec       0x26 ./FATFS/Target/user_diskio.o
                0x00000000080106ec                USER_read
 .text.USER_write
                0x0000000008010712       0x26 ./FATFS/Target/user_diskio.o
                0x0000000008010712                USER_write
 .text.USER_ioctl
                0x0000000008010738       0x26 ./FATFS/Target/user_diskio.o
                0x0000000008010738                USER_ioctl
 *fill*         0x000000000801075e        0x2 
 .text.disk_status
                0x0000000008010760       0x34 ./Middlewares/Third_Party/FatFs/src/diskio.o
                0x0000000008010760                disk_status
 .text.disk_initialize
                0x0000000008010794       0x4c ./Middlewares/Third_Party/FatFs/src/diskio.o
                0x0000000008010794                disk_initialize
 .text.disk_read
                0x00000000080107e0       0x40 ./Middlewares/Third_Party/FatFs/src/diskio.o
                0x00000000080107e0                disk_read
 .text.disk_write
                0x0000000008010820       0x40 ./Middlewares/Third_Party/FatFs/src/diskio.o
                0x0000000008010820                disk_write
 .text.disk_ioctl
                0x0000000008010860       0x3c ./Middlewares/Third_Party/FatFs/src/diskio.o
                0x0000000008010860                disk_ioctl
 .text.ld_word  0x000000000801089c       0x30 ./Middlewares/Third_Party/FatFs/src/ff.o
 .text.ld_dword
                0x00000000080108cc       0x46 ./Middlewares/Third_Party/FatFs/src/ff.o
 .text.st_word  0x0000000008010912       0x36 ./Middlewares/Third_Party/FatFs/src/ff.o
 .text.st_dword
                0x0000000008010948       0x58 ./Middlewares/Third_Party/FatFs/src/ff.o
 .text.mem_cpy  0x00000000080109a0       0x42 ./Middlewares/Third_Party/FatFs/src/ff.o
 .text.mem_set  0x00000000080109e2       0x36 ./Middlewares/Third_Party/FatFs/src/ff.o
 .text.mem_cmp  0x0000000008010a18       0x4e ./Middlewares/Third_Party/FatFs/src/ff.o
 .text.chk_chr  0x0000000008010a66       0x36 ./Middlewares/Third_Party/FatFs/src/ff.o
 .text.chk_lock
                0x0000000008010a9c       0xb8 ./Middlewares/Third_Party/FatFs/src/ff.o
 .text.enq_lock
                0x0000000008010b54       0x44 ./Middlewares/Third_Party/FatFs/src/ff.o
 .text.inc_lock
                0x0000000008010b98      0x11c ./Middlewares/Third_Party/FatFs/src/ff.o
 .text.dec_lock
                0x0000000008010cb4       0x78 ./Middlewares/Third_Party/FatFs/src/ff.o
 .text.clear_lock
                0x0000000008010d2c       0x48 ./Middlewares/Third_Party/FatFs/src/ff.o
 .text.sync_window
                0x0000000008010d74       0x88 ./Middlewares/Third_Party/FatFs/src/ff.o
 .text.move_window
                0x0000000008010dfc       0x5a ./Middlewares/Third_Party/FatFs/src/ff.o
 *fill*         0x0000000008010e56        0x2 
 .text.sync_fs  0x0000000008010e58       0xe0 ./Middlewares/Third_Party/FatFs/src/ff.o
 .text.clust2sect
                0x0000000008010f38       0x3e ./Middlewares/Third_Party/FatFs/src/ff.o
 .text.get_fat  0x0000000008010f76      0x1a8 ./Middlewares/Third_Party/FatFs/src/ff.o
 .text.put_fat  0x000000000801111e      0x238 ./Middlewares/Third_Party/FatFs/src/ff.o
 .text.remove_chain
                0x0000000008011356       0xca ./Middlewares/Third_Party/FatFs/src/ff.o
 .text.create_chain
                0x0000000008011420      0x130 ./Middlewares/Third_Party/FatFs/src/ff.o
 .text.clmt_clust
                0x0000000008011550       0x70 ./Middlewares/Third_Party/FatFs/src/ff.o
 .text.dir_sdi  0x00000000080115c0      0x112 ./Middlewares/Third_Party/FatFs/src/ff.o
 .text.dir_next
                0x00000000080116d2      0x1ac ./Middlewares/Third_Party/FatFs/src/ff.o
 .text.dir_alloc
                0x000000000801187e       0x8e ./Middlewares/Third_Party/FatFs/src/ff.o
 .text.ld_clust
                0x000000000801190c       0x3e ./Middlewares/Third_Party/FatFs/src/ff.o
 .text.st_clust
                0x000000000801194a       0x40 ./Middlewares/Third_Party/FatFs/src/ff.o
 .text.dir_find
                0x000000000801198a       0xaa ./Middlewares/Third_Party/FatFs/src/ff.o
 .text.dir_register
                0x0000000008011a34       0x64 ./Middlewares/Third_Party/FatFs/src/ff.o
 .text.create_name
                0x0000000008011a98      0x128 ./Middlewares/Third_Party/FatFs/src/ff.o
 .text.follow_path
                0x0000000008011bc0       0xec ./Middlewares/Third_Party/FatFs/src/ff.o
 .text.get_ldnumber
                0x0000000008011cac       0x88 ./Middlewares/Third_Party/FatFs/src/ff.o
 .text.check_fs
                0x0000000008011d34       0xac ./Middlewares/Third_Party/FatFs/src/ff.o
 .text.find_volume
                0x0000000008011de0      0x500 ./Middlewares/Third_Party/FatFs/src/ff.o
 .text.validate
                0x00000000080122e0       0x6a ./Middlewares/Third_Party/FatFs/src/ff.o
 *fill*         0x000000000801234a        0x2 
 .text.f_mount  0x000000000801234c       0x8c ./Middlewares/Third_Party/FatFs/src/ff.o
                0x000000000801234c                f_mount
 .text.f_open   0x00000000080123d8      0x398 ./Middlewares/Third_Party/FatFs/src/ff.o
                0x00000000080123d8                f_open
 .text.f_write  0x0000000008012770      0x328 ./Middlewares/Third_Party/FatFs/src/ff.o
                0x0000000008012770                f_write
 .text.f_sync   0x0000000008012a98       0xfc ./Middlewares/Third_Party/FatFs/src/ff.o
                0x0000000008012a98                f_sync
 .text.f_close  0x0000000008012b94       0x54 ./Middlewares/Third_Party/FatFs/src/ff.o
                0x0000000008012b94                f_close
 .text.putc_bfd
                0x0000000008012be8       0x7a ./Middlewares/Third_Party/FatFs/src/ff.o
 .text.putc_flush
                0x0000000008012c62       0x4a ./Middlewares/Third_Party/FatFs/src/ff.o
 .text.putc_init
                0x0000000008012cac       0x2a ./Middlewares/Third_Party/FatFs/src/ff.o
 .text.f_puts   0x0000000008012cd6       0x48 ./Middlewares/Third_Party/FatFs/src/ff.o
                0x0000000008012cd6                f_puts
 *fill*         0x0000000008012d1e        0x2 
 .text.FATFS_LinkDriverEx
                0x0000000008012d20       0x98 ./Middlewares/Third_Party/FatFs/src/ff_gen_drv.o
                0x0000000008012d20                FATFS_LinkDriverEx
 .text.FATFS_LinkDriver
                0x0000000008012db8       0x1e ./Middlewares/Third_Party/FatFs/src/ff_gen_drv.o
                0x0000000008012db8                FATFS_LinkDriver
 *fill*         0x0000000008012dd6        0x2 
 .text.__errno  0x0000000008012dd8        0xc /Applications/STM32CubeIDE.app/Contents/Eclipse/plugins/com.st.stm32cube.ide.mcu.externaltools.gnu-tools-for-stm32.10.3-2021.10.macos64_1.0.200.202301161003/tools/bin/../lib/gcc/arm-none-eabi/10.3.1/../../../../arm-none-eabi/lib/thumb/v7e-m+dp/hard/libc_nano.a(lib_a-errno.o)
                0x0000000008012dd8                __errno
 .text.__libc_init_array
                0x0000000008012de4       0x48 /Applications/STM32CubeIDE.app/Contents/Eclipse/plugins/com.st.stm32cube.ide.mcu.externaltools.gnu-tools-for-stm32.10.3-2021.10.macos64_1.0.200.202301161003/tools/bin/../lib/gcc/arm-none-eabi/10.3.1/../../../../arm-none-eabi/lib/thumb/v7e-m+dp/hard/libc_nano.a(lib_a-init.o)
                0x0000000008012de4                __libc_init_array
 .text.memcpy   0x0000000008012e2c       0x1c /Applications/STM32CubeIDE.app/Contents/Eclipse/plugins/com.st.stm32cube.ide.mcu.externaltools.gnu-tools-for-stm32.10.3-2021.10.macos64_1.0.200.202301161003/tools/bin/../lib/gcc/arm-none-eabi/10.3.1/../../../../arm-none-eabi/lib/thumb/v7e-m+dp/hard/libc_nano.a(lib_a-memcpy-stub.o)
                0x0000000008012e2c                memcpy
 .text.memset   0x0000000008012e48       0x10 /Applications/STM32CubeIDE.app/Contents/Eclipse/plugins/com.st.stm32cube.ide.mcu.externaltools.gnu-tools-for-stm32.10.3-2021.10.macos64_1.0.200.202301161003/tools/bin/../lib/gcc/arm-none-eabi/10.3.1/../../../../arm-none-eabi/lib/thumb/v7e-m+dp/hard/libc_nano.a(lib_a-memset.o)
                0x0000000008012e48                memset
 .text.__cvt    0x0000000008012e58       0xa4 /Applications/STM32CubeIDE.app/Contents/Eclipse/plugins/com.st.stm32cube.ide.mcu.externaltools.gnu-tools-for-stm32.10.3-2021.10.macos64_1.0.200.202301161003/tools/bin/../lib/gcc/arm-none-eabi/10.3.1/../../../../arm-none-eabi/lib/thumb/v7e-m+dp/hard/libc_nano.a(lib_a-nano-vfprintf_float.o)
                0x0000000008012e58                __cvt
 .text.__exponent
                0x0000000008012efc       0x7c /Applications/STM32CubeIDE.app/Contents/Eclipse/plugins/com.st.stm32cube.ide.mcu.externaltools.gnu-tools-for-stm32.10.3-2021.10.macos64_1.0.200.202301161003/tools/bin/../lib/gcc/arm-none-eabi/10.3.1/../../../../arm-none-eabi/lib/thumb/v7e-m+dp/hard/libc_nano.a(lib_a-nano-vfprintf_float.o)
                0x0000000008012efc                __exponent
 .text._printf_float
                0x0000000008012f78      0x43c /Applications/STM32CubeIDE.app/Contents/Eclipse/plugins/com.st.stm32cube.ide.mcu.externaltools.gnu-tools-for-stm32.10.3-2021.10.macos64_1.0.200.202301161003/tools/bin/../lib/gcc/arm-none-eabi/10.3.1/../../../../arm-none-eabi/lib/thumb/v7e-m+dp/hard/libc_nano.a(lib_a-nano-vfprintf_float.o)
                0x0000000008012f78                _printf_float
 .text._printf_common
                0x00000000080133b4       0xda /Applications/STM32CubeIDE.app/Contents/Eclipse/plugins/com.st.stm32cube.ide.mcu.externaltools.gnu-tools-for-stm32.10.3-2021.10.macos64_1.0.200.202301161003/tools/bin/../lib/gcc/arm-none-eabi/10.3.1/../../../../arm-none-eabi/lib/thumb/v7e-m+dp/hard/libc_nano.a(lib_a-nano-vfprintf_i.o)
                0x00000000080133b4                _printf_common
 *fill*         0x000000000801348e        0x2 
 .text._printf_i
                0x0000000008013490      0x24c /Applications/STM32CubeIDE.app/Contents/Eclipse/plugins/com.st.stm32cube.ide.mcu.externaltools.gnu-tools-for-stm32.10.3-2021.10.macos64_1.0.200.202301161003/tools/bin/../lib/gcc/arm-none-eabi/10.3.1/../../../../arm-none-eabi/lib/thumb/v7e-m+dp/hard/libc_nano.a(lib_a-nano-vfprintf_i.o)
                0x0000000008013490                _printf_i
 .text._scanf_float
                0x00000000080136dc      0x40c /Applications/STM32CubeIDE.app/Contents/Eclipse/plugins/com.st.stm32cube.ide.mcu.externaltools.gnu-tools-for-stm32.10.3-2021.10.macos64_1.0.200.202301161003/tools/bin/../lib/gcc/arm-none-eabi/10.3.1/../../../../arm-none-eabi/lib/thumb/v7e-m+dp/hard/libc_nano.a(lib_a-nano-vfscanf_float.o)
                0x00000000080136dc                _scanf_float
 .text.nanf     0x0000000008013ae8        0xc /Applications/STM32CubeIDE.app/Contents/Eclipse/plugins/com.st.stm32cube.ide.mcu.externaltools.gnu-tools-for-stm32.10.3-2021.10.macos64_1.0.200.202301161003/tools/bin/../lib/gcc/arm-none-eabi/10.3.1/../../../../arm-none-eabi/lib/thumb/v7e-m+dp/hard/libc_nano.a(lib_a-sf_nan.o)
                0x0000000008013ae8                nanf
 .text.snprintf
                0x0000000008013af4       0x68 /Applications/STM32CubeIDE.app/Contents/Eclipse/plugins/com.st.stm32cube.ide.mcu.externaltools.gnu-tools-for-stm32.10.3-2021.10.macos64_1.0.200.202301161003/tools/bin/../lib/gcc/arm-none-eabi/10.3.1/../../../../arm-none-eabi/lib/thumb/v7e-m+dp/hard/libc_nano.a(lib_a-snprintf.o)
                0x0000000008013af4                snprintf
                0x0000000008013af4                sniprintf
 .text.sprintf  0x0000000008013b5c       0x40 /Applications/STM32CubeIDE.app/Contents/Eclipse/plugins/com.st.stm32cube.ide.mcu.externaltools.gnu-tools-for-stm32.10.3-2021.10.macos64_1.0.200.202301161003/tools/bin/../lib/gcc/arm-none-eabi/10.3.1/../../../../arm-none-eabi/lib/thumb/v7e-m+dp/hard/libc_nano.a(lib_a-sprintf.o)
                0x0000000008013b5c                sprintf
                0x0000000008013b5c                siprintf
 .text.sulp     0x0000000008013b9c       0x34 /Applications/STM32CubeIDE.app/Contents/Eclipse/plugins/com.st.stm32cube.ide.mcu.externaltools.gnu-tools-for-stm32.10.3-2021.10.macos64_1.0.200.202301161003/tools/bin/../lib/gcc/arm-none-eabi/10.3.1/../../../../arm-none-eabi/lib/thumb/v7e-m+dp/hard/libc_nano.a(lib_a-strtod.o)
 .text._strtod_l
                0x0000000008013bd0      0xb6c /Applications/STM32CubeIDE.app/Contents/Eclipse/plugins/com.st.stm32cube.ide.mcu.externaltools.gnu-tools-for-stm32.10.3-2021.10.macos64_1.0.200.202301161003/tools/bin/../lib/gcc/arm-none-eabi/10.3.1/../../../../arm-none-eabi/lib/thumb/v7e-m+dp/hard/libc_nano.a(lib_a-strtod.o)
                0x0000000008013bd0                _strtod_l
 .text._strtod_r
                0x000000000801473c        0xc /Applications/STM32CubeIDE.app/Contents/Eclipse/plugins/com.st.stm32cube.ide.mcu.externaltools.gnu-tools-for-stm32.10.3-2021.10.macos64_1.0.200.202301161003/tools/bin/../lib/gcc/arm-none-eabi/10.3.1/../../../../arm-none-eabi/lib/thumb/v7e-m+dp/hard/libc_nano.a(lib_a-strtod.o)
                0x000000000801473c                _strtod_r
 .text._strtol_l.constprop.0
                0x0000000008014748      0x104 /Applications/STM32CubeIDE.app/Contents/Eclipse/plugins/com.st.stm32cube.ide.mcu.externaltools.gnu-tools-for-stm32.10.3-2021.10.macos64_1.0.200.202301161003/tools/bin/../lib/gcc/arm-none-eabi/10.3.1/../../../../arm-none-eabi/lib/thumb/v7e-m+dp/hard/libc_nano.a(lib_a-strtol.o)
 .text._strtol_r
                0x000000000801484c        0x4 /Applications/STM32CubeIDE.app/Contents/Eclipse/plugins/com.st.stm32cube.ide.mcu.externaltools.gnu-tools-for-stm32.10.3-2021.10.macos64_1.0.200.202301161003/tools/bin/../lib/gcc/arm-none-eabi/10.3.1/../../../../arm-none-eabi/lib/thumb/v7e-m+dp/hard/libc_nano.a(lib_a-strtol.o)
                0x000000000801484c                _strtol_r
 .text.quorem   0x0000000008014850      0x116 /Applications/STM32CubeIDE.app/Contents/Eclipse/plugins/com.st.stm32cube.ide.mcu.externaltools.gnu-tools-for-stm32.10.3-2021.10.macos64_1.0.200.202301161003/tools/bin/../lib/gcc/arm-none-eabi/10.3.1/../../../../arm-none-eabi/lib/thumb/v7e-m+dp/hard/libc_nano.a(lib_a-dtoa.o)
 *fill*         0x0000000008014966        0x2 
 .text._dtoa_r  0x0000000008014968      0xadc /Applications/STM32CubeIDE.app/Contents/Eclipse/plugins/com.st.stm32cube.ide.mcu.externaltools.gnu-tools-for-stm32.10.3-2021.10.macos64_1.0.200.202301161003/tools/bin/../lib/gcc/arm-none-eabi/10.3.1/../../../../arm-none-eabi/lib/thumb/v7e-m+dp/hard/libc_nano.a(lib_a-dtoa.o)
                0x0000000008014968                _dtoa_r
 .text.rshift   0x0000000008015444       0xa4 /Applications/STM32CubeIDE.app/Contents/Eclipse/plugins/com.st.stm32cube.ide.mcu.externaltools.gnu-tools-for-stm32.10.3-2021.10.macos64_1.0.200.202301161003/tools/bin/../lib/gcc/arm-none-eabi/10.3.1/../../../../arm-none-eabi/lib/thumb/v7e-m+dp/hard/libc_nano.a(lib_a-gdtoa-gethex.o)
 .text.__hexdig_fun
                0x00000000080154e8       0x2a /Applications/STM32CubeIDE.app/Contents/Eclipse/plugins/com.st.stm32cube.ide.mcu.externaltools.gnu-tools-for-stm32.10.3-2021.10.macos64_1.0.200.202301161003/tools/bin/../lib/gcc/arm-none-eabi/10.3.1/../../../../arm-none-eabi/lib/thumb/v7e-m+dp/hard/libc_nano.a(lib_a-gdtoa-gethex.o)
                0x00000000080154e8                __hexdig_fun
 *fill*         0x0000000008015512        0x2 
 .text.__gethex
                0x0000000008015514      0x48c /Applications/STM32CubeIDE.app/Contents/Eclipse/plugins/com.st.stm32cube.ide.mcu.externaltools.gnu-tools-for-stm32.10.3-2021.10.macos64_1.0.200.202301161003/tools/bin/../lib/gcc/arm-none-eabi/10.3.1/../../../../arm-none-eabi/lib/thumb/v7e-m+dp/hard/libc_nano.a(lib_a-gdtoa-gethex.o)
                0x0000000008015514                __gethex
 .text.L_shift  0x00000000080159a0       0x24 /Applications/STM32CubeIDE.app/Contents/Eclipse/plugins/com.st.stm32cube.ide.mcu.externaltools.gnu-tools-for-stm32.10.3-2021.10.macos64_1.0.200.202301161003/tools/bin/../lib/gcc/arm-none-eabi/10.3.1/../../../../arm-none-eabi/lib/thumb/v7e-m+dp/hard/libc_nano.a(lib_a-gdtoa-hexnan.o)
 .text.__match  0x00000000080159c4       0x28 /Applications/STM32CubeIDE.app/Contents/Eclipse/plugins/com.st.stm32cube.ide.mcu.externaltools.gnu-tools-for-stm32.10.3-2021.10.macos64_1.0.200.202301161003/tools/bin/../lib/gcc/arm-none-eabi/10.3.1/../../../../arm-none-eabi/lib/thumb/v7e-m+dp/hard/libc_nano.a(lib_a-gdtoa-hexnan.o)
                0x00000000080159c4                __match
 .text.__hexnan
                0x00000000080159ec      0x138 /Applications/STM32CubeIDE.app/Contents/Eclipse/plugins/com.st.stm32cube.ide.mcu.externaltools.gnu-tools-for-stm32.10.3-2021.10.macos64_1.0.200.202301161003/tools/bin/../lib/gcc/arm-none-eabi/10.3.1/../../../../arm-none-eabi/lib/thumb/v7e-m+dp/hard/libc_nano.a(lib_a-gdtoa-hexnan.o)
                0x00000000080159ec                __hexnan
 .text._localeconv_r
                0x0000000008015b24        0x8 /Applications/STM32CubeIDE.app/Contents/Eclipse/plugins/com.st.stm32cube.ide.mcu.externaltools.gnu-tools-for-stm32.10.3-2021.10.macos64_1.0.200.202301161003/tools/bin/../lib/gcc/arm-none-eabi/10.3.1/../../../../arm-none-eabi/lib/thumb/v7e-m+dp/hard/libc_nano.a(lib_a-localeconv.o)
                0x0000000008015b24                _localeconv_r
 .text.malloc   0x0000000008015b2c       0x10 /Applications/STM32CubeIDE.app/Contents/Eclipse/plugins/com.st.stm32cube.ide.mcu.externaltools.gnu-tools-for-stm32.10.3-2021.10.macos64_1.0.200.202301161003/tools/bin/../lib/gcc/arm-none-eabi/10.3.1/../../../../arm-none-eabi/lib/thumb/v7e-m+dp/hard/libc_nano.a(lib_a-malloc.o)
                0x0000000008015b2c                malloc
 .text.__ascii_mbtowc
                0x0000000008015b3c       0x24 /Applications/STM32CubeIDE.app/Contents/Eclipse/plugins/com.st.stm32cube.ide.mcu.externaltools.gnu-tools-for-stm32.10.3-2021.10.macos64_1.0.200.202301161003/tools/bin/../lib/gcc/arm-none-eabi/10.3.1/../../../../arm-none-eabi/lib/thumb/v7e-m+dp/hard/libc_nano.a(lib_a-mbtowc_r.o)
                0x0000000008015b3c                __ascii_mbtowc
 .text._Balloc  0x0000000008015b60       0x80 /Applications/STM32CubeIDE.app/Contents/Eclipse/plugins/com.st.stm32cube.ide.mcu.externaltools.gnu-tools-for-stm32.10.3-2021.10.macos64_1.0.200.202301161003/tools/bin/../lib/gcc/arm-none-eabi/10.3.1/../../../../arm-none-eabi/lib/thumb/v7e-m+dp/hard/libc_nano.a(lib_a-mprec.o)
                0x0000000008015b60                _Balloc
 .text._Bfree   0x0000000008015be0       0x44 /Applications/STM32CubeIDE.app/Contents/Eclipse/plugins/com.st.stm32cube.ide.mcu.externaltools.gnu-tools-for-stm32.10.3-2021.10.macos64_1.0.200.202301161003/tools/bin/../lib/gcc/arm-none-eabi/10.3.1/../../../../arm-none-eabi/lib/thumb/v7e-m+dp/hard/libc_nano.a(lib_a-mprec.o)
                0x0000000008015be0                _Bfree
 .text.__multadd
                0x0000000008015c24       0x8c /Applications/STM32CubeIDE.app/Contents/Eclipse/plugins/com.st.stm32cube.ide.mcu.externaltools.gnu-tools-for-stm32.10.3-2021.10.macos64_1.0.200.202301161003/tools/bin/../lib/gcc/arm-none-eabi/10.3.1/../../../../arm-none-eabi/lib/thumb/v7e-m+dp/hard/libc_nano.a(lib_a-mprec.o)
                0x0000000008015c24                __multadd
 .text.__s2b    0x0000000008015cb0       0x94 /Applications/STM32CubeIDE.app/Contents/Eclipse/plugins/com.st.stm32cube.ide.mcu.externaltools.gnu-tools-for-stm32.10.3-2021.10.macos64_1.0.200.202301161003/tools/bin/../lib/gcc/arm-none-eabi/10.3.1/../../../../arm-none-eabi/lib/thumb/v7e-m+dp/hard/libc_nano.a(lib_a-mprec.o)
                0x0000000008015cb0                __s2b
 .text.__hi0bits
                0x0000000008015d44       0x40 /Applications/STM32CubeIDE.app/Contents/Eclipse/plugins/com.st.stm32cube.ide.mcu.externaltools.gnu-tools-for-stm32.10.3-2021.10.macos64_1.0.200.202301161003/tools/bin/../lib/gcc/arm-none-eabi/10.3.1/../../../../arm-none-eabi/lib/thumb/v7e-m+dp/hard/libc_nano.a(lib_a-mprec.o)
                0x0000000008015d44                __hi0bits
 .text.__lo0bits
                0x0000000008015d84       0x5e /Applications/STM32CubeIDE.app/Contents/Eclipse/plugins/com.st.stm32cube.ide.mcu.externaltools.gnu-tools-for-stm32.10.3-2021.10.macos64_1.0.200.202301161003/tools/bin/../lib/gcc/arm-none-eabi/10.3.1/../../../../arm-none-eabi/lib/thumb/v7e-m+dp/hard/libc_nano.a(lib_a-mprec.o)
                0x0000000008015d84                __lo0bits
 *fill*         0x0000000008015de2        0x2 
 .text.__i2b    0x0000000008015de4       0x2c /Applications/STM32CubeIDE.app/Contents/Eclipse/plugins/com.st.stm32cube.ide.mcu.externaltools.gnu-tools-for-stm32.10.3-2021.10.macos64_1.0.200.202301161003/tools/bin/../lib/gcc/arm-none-eabi/10.3.1/../../../../arm-none-eabi/lib/thumb/v7e-m+dp/hard/libc_nano.a(lib_a-mprec.o)
                0x0000000008015de4                __i2b
 .text.__multiply
                0x0000000008015e10      0x154 /Applications/STM32CubeIDE.app/Contents/Eclipse/plugins/com.st.stm32cube.ide.mcu.externaltools.gnu-tools-for-stm32.10.3-2021.10.macos64_1.0.200.202301161003/tools/bin/../lib/gcc/arm-none-eabi/10.3.1/../../../../arm-none-eabi/lib/thumb/v7e-m+dp/hard/libc_nano.a(lib_a-mprec.o)
                0x0000000008015e10                __multiply
 .text.__pow5mult
                0x0000000008015f64       0xb4 /Applications/STM32CubeIDE.app/Contents/Eclipse/plugins/com.st.stm32cube.ide.mcu.externaltools.gnu-tools-for-stm32.10.3-2021.10.macos64_1.0.200.202301161003/tools/bin/../lib/gcc/arm-none-eabi/10.3.1/../../../../arm-none-eabi/lib/thumb/v7e-m+dp/hard/libc_nano.a(lib_a-mprec.o)
                0x0000000008015f64                __pow5mult
 .text.__lshift
                0x0000000008016018       0xe0 /Applications/STM32CubeIDE.app/Contents/Eclipse/plugins/com.st.stm32cube.ide.mcu.externaltools.gnu-tools-for-stm32.10.3-2021.10.macos64_1.0.200.202301161003/tools/bin/../lib/gcc/arm-none-eabi/10.3.1/../../../../arm-none-eabi/lib/thumb/v7e-m+dp/hard/libc_nano.a(lib_a-mprec.o)
                0x0000000008016018                __lshift
 .text.__mcmp   0x00000000080160f8       0x38 /Applications/STM32CubeIDE.app/Contents/Eclipse/plugins/com.st.stm32cube.ide.mcu.externaltools.gnu-tools-for-stm32.10.3-2021.10.macos64_1.0.200.202301161003/tools/bin/../lib/gcc/arm-none-eabi/10.3.1/../../../../arm-none-eabi/lib/thumb/v7e-m+dp/hard/libc_nano.a(lib_a-mprec.o)
                0x00000000080160f8                __mcmp
 .text.__mdiff  0x0000000008016130      0x114 /Applications/STM32CubeIDE.app/Contents/Eclipse/plugins/com.st.stm32cube.ide.mcu.externaltools.gnu-tools-for-stm32.10.3-2021.10.macos64_1.0.200.202301161003/tools/bin/../lib/gcc/arm-none-eabi/10.3.1/../../../../arm-none-eabi/lib/thumb/v7e-m+dp/hard/libc_nano.a(lib_a-mprec.o)
                0x0000000008016130                __mdiff
 .text.__ulp    0x0000000008016244       0x58 /Applications/STM32CubeIDE.app/Contents/Eclipse/plugins/com.st.stm32cube.ide.mcu.externaltools.gnu-tools-for-stm32.10.3-2021.10.macos64_1.0.200.202301161003/tools/bin/../lib/gcc/arm-none-eabi/10.3.1/../../../../arm-none-eabi/lib/thumb/v7e-m+dp/hard/libc_nano.a(lib_a-mprec.o)
                0x0000000008016244                __ulp
 .text.__b2d    0x000000000801629c       0xa0 /Applications/STM32CubeIDE.app/Contents/Eclipse/plugins/com.st.stm32cube.ide.mcu.externaltools.gnu-tools-for-stm32.10.3-2021.10.macos64_1.0.200.202301161003/tools/bin/../lib/gcc/arm-none-eabi/10.3.1/../../../../arm-none-eabi/lib/thumb/v7e-m+dp/hard/libc_nano.a(lib_a-mprec.o)
                0x000000000801629c                __b2d
 .text.__d2b    0x000000000801633c       0xb8 /Applications/STM32CubeIDE.app/Contents/Eclipse/plugins/com.st.stm32cube.ide.mcu.externaltools.gnu-tools-for-stm32.10.3-2021.10.macos64_1.0.200.202301161003/tools/bin/../lib/gcc/arm-none-eabi/10.3.1/../../../../arm-none-eabi/lib/thumb/v7e-m+dp/hard/libc_nano.a(lib_a-mprec.o)
                0x000000000801633c                __d2b
 .text.__ratio  0x00000000080163f4       0x60 /Applications/STM32CubeIDE.app/Contents/Eclipse/plugins/com.st.stm32cube.ide.mcu.externaltools.gnu-tools-for-stm32.10.3-2021.10.macos64_1.0.200.202301161003/tools/bin/../lib/gcc/arm-none-eabi/10.3.1/../../../../arm-none-eabi/lib/thumb/v7e-m+dp/hard/libc_nano.a(lib_a-mprec.o)
                0x00000000080163f4                __ratio
 .text.__copybits
                0x0000000008016454       0x46 /Applications/STM32CubeIDE.app/Contents/Eclipse/plugins/com.st.stm32cube.ide.mcu.externaltools.gnu-tools-for-stm32.10.3-2021.10.macos64_1.0.200.202301161003/tools/bin/../lib/gcc/arm-none-eabi/10.3.1/../../../../arm-none-eabi/lib/thumb/v7e-m+dp/hard/libc_nano.a(lib_a-mprec.o)
                0x0000000008016454                __copybits
 .text.__any_on
                0x000000000801649a       0x42 /Applications/STM32CubeIDE.app/Contents/Eclipse/plugins/com.st.stm32cube.ide.mcu.externaltools.gnu-tools-for-stm32.10.3-2021.10.macos64_1.0.200.202301161003/tools/bin/../lib/gcc/arm-none-eabi/10.3.1/../../../../arm-none-eabi/lib/thumb/v7e-m+dp/hard/libc_nano.a(lib_a-mprec.o)
                0x000000000801649a                __any_on
 .text._calloc_r
                0x00000000080164dc       0x2c /Applications/STM32CubeIDE.app/Contents/Eclipse/plugins/com.st.stm32cube.ide.mcu.externaltools.gnu-tools-for-stm32.10.3-2021.10.macos64_1.0.200.202301161003/tools/bin/../lib/gcc/arm-none-eabi/10.3.1/../../../../arm-none-eabi/lib/thumb/v7e-m+dp/hard/libc_nano.a(lib_a-nano-callocr.o)
                0x00000000080164dc                _calloc_r
 .text._free_r  0x0000000008016508       0x98 /Applications/STM32CubeIDE.app/Contents/Eclipse/plugins/com.st.stm32cube.ide.mcu.externaltools.gnu-tools-for-stm32.10.3-2021.10.macos64_1.0.200.202301161003/tools/bin/../lib/gcc/arm-none-eabi/10.3.1/../../../../arm-none-eabi/lib/thumb/v7e-m+dp/hard/libc_nano.a(lib_a-nano-freer.o)
                0x0000000008016508                _free_r
 .text.sbrk_aligned
                0x00000000080165a0       0x40 /Applications/STM32CubeIDE.app/Contents/Eclipse/plugins/com.st.stm32cube.ide.mcu.externaltools.gnu-tools-for-stm32.10.3-2021.10.macos64_1.0.200.202301161003/tools/bin/../lib/gcc/arm-none-eabi/10.3.1/../../../../arm-none-eabi/lib/thumb/v7e-m+dp/hard/libc_nano.a(lib_a-nano-mallocr.o)
 .text._malloc_r
                0x00000000080165e0       0xe8 /Applications/STM32CubeIDE.app/Contents/Eclipse/plugins/com.st.stm32cube.ide.mcu.externaltools.gnu-tools-for-stm32.10.3-2021.10.macos64_1.0.200.202301161003/tools/bin/../lib/gcc/arm-none-eabi/10.3.1/../../../../arm-none-eabi/lib/thumb/v7e-m+dp/hard/libc_nano.a(lib_a-nano-mallocr.o)
                0x00000000080165e0                _malloc_r
 .text.__ssputs_r
                0x00000000080166c8       0xb6 /Applications/STM32CubeIDE.app/Contents/Eclipse/plugins/com.st.stm32cube.ide.mcu.externaltools.gnu-tools-for-stm32.10.3-2021.10.macos64_1.0.200.202301161003/tools/bin/../lib/gcc/arm-none-eabi/10.3.1/../../../../arm-none-eabi/lib/thumb/v7e-m+dp/hard/libc_nano.a(lib_a-nano-svfprintf.o)
                0x00000000080166c8                __ssputs_r
 *fill*         0x000000000801677e        0x2 
 .text._svfprintf_r
                0x0000000008016780      0x200 /Applications/STM32CubeIDE.app/Contents/Eclipse/plugins/com.st.stm32cube.ide.mcu.externaltools.gnu-tools-for-stm32.10.3-2021.10.macos64_1.0.200.202301161003/tools/bin/../lib/gcc/arm-none-eabi/10.3.1/../../../../arm-none-eabi/lib/thumb/v7e-m+dp/hard/libc_nano.a(lib_a-nano-svfprintf.o)
                0x0000000008016780                _svfprintf_r
                0x0000000008016780                _svfiprintf_r
 .text.nan      0x0000000008016980       0x10 /Applications/STM32CubeIDE.app/Contents/Eclipse/plugins/com.st.stm32cube.ide.mcu.externaltools.gnu-tools-for-stm32.10.3-2021.10.macos64_1.0.200.202301161003/tools/bin/../lib/gcc/arm-none-eabi/10.3.1/../../../../arm-none-eabi/lib/thumb/v7e-m+dp/hard/libc_nano.a(lib_a-s_nan.o)
                0x0000000008016980                nan
 .text._sbrk_r  0x0000000008016990       0x20 /Applications/STM32CubeIDE.app/Contents/Eclipse/plugins/com.st.stm32cube.ide.mcu.externaltools.gnu-tools-for-stm32.10.3-2021.10.macos64_1.0.200.202301161003/tools/bin/../lib/gcc/arm-none-eabi/10.3.1/../../../../arm-none-eabi/lib/thumb/v7e-m+dp/hard/libc_nano.a(lib_a-sbrkr.o)
                0x0000000008016990                _sbrk_r
 .text.strncmp  0x00000000080169b0       0x28 /Applications/STM32CubeIDE.app/Contents/Eclipse/plugins/com.st.stm32cube.ide.mcu.externaltools.gnu-tools-for-stm32.10.3-2021.10.macos64_1.0.200.202301161003/tools/bin/../lib/gcc/arm-none-eabi/10.3.1/../../../../arm-none-eabi/lib/thumb/v7e-m+dp/hard/libc_nano.a(lib_a-strncmp.o)
                0x00000000080169b0                strncmp
 .text.__ascii_wctomb
                0x00000000080169d8       0x1a /Applications/STM32CubeIDE.app/Contents/Eclipse/plugins/com.st.stm32cube.ide.mcu.externaltools.gnu-tools-for-stm32.10.3-2021.10.macos64_1.0.200.202301161003/tools/bin/../lib/gcc/arm-none-eabi/10.3.1/../../../../arm-none-eabi/lib/thumb/v7e-m+dp/hard/libc_nano.a(lib_a-wctomb_r.o)
                0x00000000080169d8                __ascii_wctomb
 *fill*         0x00000000080169f2        0x2 
 .text.__assert_func
                0x00000000080169f4       0x3c /Applications/STM32CubeIDE.app/Contents/Eclipse/plugins/com.st.stm32cube.ide.mcu.externaltools.gnu-tools-for-stm32.10.3-2021.10.macos64_1.0.200.202301161003/tools/bin/../lib/gcc/arm-none-eabi/10.3.1/../../../../arm-none-eabi/lib/thumb/v7e-m+dp/hard/libc_nano.a(lib_a-assert.o)
                0x00000000080169f4                __assert_func
 .text.fprintf  0x0000000008016a30       0x24 /Applications/STM32CubeIDE.app/Contents/Eclipse/plugins/com.st.stm32cube.ide.mcu.externaltools.gnu-tools-for-stm32.10.3-2021.10.macos64_1.0.200.202301161003/tools/bin/../lib/gcc/arm-none-eabi/10.3.1/../../../../arm-none-eabi/lib/thumb/v7e-m+dp/hard/libc_nano.a(lib_a-fprintf.o)
                0x0000000008016a30                fprintf
                0x0000000008016a30                fiprintf
 .text.memmove  0x0000000008016a54       0x34 /Applications/STM32CubeIDE.app/Contents/Eclipse/plugins/com.st.stm32cube.ide.mcu.externaltools.gnu-tools-for-stm32.10.3-2021.10.macos64_1.0.200.202301161003/tools/bin/../lib/gcc/arm-none-eabi/10.3.1/../../../../arm-none-eabi/lib/thumb/v7e-m+dp/hard/libc_nano.a(lib_a-memmove.o)
                0x0000000008016a54                memmove
 .text.__malloc_lock
                0x0000000008016a88        0xc /Applications/STM32CubeIDE.app/Contents/Eclipse/plugins/com.st.stm32cube.ide.mcu.externaltools.gnu-tools-for-stm32.10.3-2021.10.macos64_1.0.200.202301161003/tools/bin/../lib/gcc/arm-none-eabi/10.3.1/../../../../arm-none-eabi/lib/thumb/v7e-m+dp/hard/libc_nano.a(lib_a-mlock.o)
                0x0000000008016a88                __malloc_lock
 .text.__malloc_unlock
                0x0000000008016a94        0xc /Applications/STM32CubeIDE.app/Contents/Eclipse/plugins/com.st.stm32cube.ide.mcu.externaltools.gnu-tools-for-stm32.10.3-2021.10.macos64_1.0.200.202301161003/tools/bin/../lib/gcc/arm-none-eabi/10.3.1/../../../../arm-none-eabi/lib/thumb/v7e-m+dp/hard/libc_nano.a(lib_a-mlock.o)
                0x0000000008016a94                __malloc_unlock
 .text._realloc_r
                0x0000000008016aa0       0x5e /Applications/STM32CubeIDE.app/Contents/Eclipse/plugins/com.st.stm32cube.ide.mcu.externaltools.gnu-tools-for-stm32.10.3-2021.10.macos64_1.0.200.202301161003/tools/bin/../lib/gcc/arm-none-eabi/10.3.1/../../../../arm-none-eabi/lib/thumb/v7e-m+dp/hard/libc_nano.a(lib_a-nano-reallocr.o)
                0x0000000008016aa0                _realloc_r
 .text.__sfputc_r
                0x0000000008016afe       0x2e /Applications/STM32CubeIDE.app/Contents/Eclipse/plugins/com.st.stm32cube.ide.mcu.externaltools.gnu-tools-for-stm32.10.3-2021.10.macos64_1.0.200.202301161003/tools/bin/../lib/gcc/arm-none-eabi/10.3.1/../../../../arm-none-eabi/lib/thumb/v7e-m+dp/hard/libc_nano.a(lib_a-nano-vfprintf.o)
 .text.__sfputs_r
                0x0000000008016b2c       0x24 /Applications/STM32CubeIDE.app/Contents/Eclipse/plugins/com.st.stm32cube.ide.mcu.externaltools.gnu-tools-for-stm32.10.3-2021.10.macos64_1.0.200.202301161003/tools/bin/../lib/gcc/arm-none-eabi/10.3.1/../../../../arm-none-eabi/lib/thumb/v7e-m+dp/hard/libc_nano.a(lib_a-nano-vfprintf.o)
                0x0000000008016b2c                __sfputs_r
 .text._vfprintf_r
                0x0000000008016b50      0x260 /Applications/STM32CubeIDE.app/Contents/Eclipse/plugins/com.st.stm32cube.ide.mcu.externaltools.gnu-tools-for-stm32.10.3-2021.10.macos64_1.0.200.202301161003/tools/bin/../lib/gcc/arm-none-eabi/10.3.1/../../../../arm-none-eabi/lib/thumb/v7e-m+dp/hard/libc_nano.a(lib_a-nano-vfprintf.o)
                0x0000000008016b50                _vfiprintf_r
                0x0000000008016b50                _vfprintf_r
 .text.__swbuf_r
                0x0000000008016db0       0xa4 /Applications/STM32CubeIDE.app/Contents/Eclipse/plugins/com.st.stm32cube.ide.mcu.externaltools.gnu-tools-for-stm32.10.3-2021.10.macos64_1.0.200.202301161003/tools/bin/../lib/gcc/arm-none-eabi/10.3.1/../../../../arm-none-eabi/lib/thumb/v7e-m+dp/hard/libc_nano.a(lib_a-wbuf.o)
                0x0000000008016db0                __swbuf_r
 .text.__swsetup_r
                0x0000000008016e54       0xdc /Applications/STM32CubeIDE.app/Contents/Eclipse/plugins/com.st.stm32cube.ide.mcu.externaltools.gnu-tools-for-stm32.10.3-2021.10.macos64_1.0.200.202301161003/tools/bin/../lib/gcc/arm-none-eabi/10.3.1/../../../../arm-none-eabi/lib/thumb/v7e-m+dp/hard/libc_nano.a(lib_a-wsetup.o)
                0x0000000008016e54                __swsetup_r
 .text.abort    0x0000000008016f30        0xe /Applications/STM32CubeIDE.app/Contents/Eclipse/plugins/com.st.stm32cube.ide.mcu.externaltools.gnu-tools-for-stm32.10.3-2021.10.macos64_1.0.200.202301161003/tools/bin/../lib/gcc/arm-none-eabi/10.3.1/../../../../arm-none-eabi/lib/thumb/v7e-m+dp/hard/libc_nano.a(lib_a-abort.o)
                0x0000000008016f30                abort
 *fill*         0x0000000008016f3e        0x2 
 .text.__sflush_r
                0x0000000008016f40      0x10c /Applications/STM32CubeIDE.app/Contents/Eclipse/plugins/com.st.stm32cube.ide.mcu.externaltools.gnu-tools-for-stm32.10.3-2021.10.macos64_1.0.200.202301161003/tools/bin/../lib/gcc/arm-none-eabi/10.3.1/../../../../arm-none-eabi/lib/thumb/v7e-m+dp/hard/libc_nano.a(lib_a-fflush.o)
                0x0000000008016f40                __sflush_r
 .text._fflush_r
                0x000000000801704c       0x78 /Applications/STM32CubeIDE.app/Contents/Eclipse/plugins/com.st.stm32cube.ide.mcu.externaltools.gnu-tools-for-stm32.10.3-2021.10.macos64_1.0.200.202301161003/tools/bin/../lib/gcc/arm-none-eabi/10.3.1/../../../../arm-none-eabi/lib/thumb/v7e-m+dp/hard/libc_nano.a(lib_a-fflush.o)
                0x000000000801704c                _fflush_r