../Core/Src/fatfs_sd_card.c:15:13:SELECT	8	static
../Core/Src/fatfs_sd_card.c:21:13:DESELECT	8	static
../Core/Src/fatfs_sd_card.c:27:13:SPI_TxByte	16	static
../Core/Src/fatfs_sd_card.c:33:13:SPI_TxBuffer	16	static
../Core/Src/fatfs_sd_card.c:39:16:SPI_RxByte	24	static
../Core/Src/fatfs_sd_card.c:48:13:SPI_RxBytePtr	16	static
../Core/Src/fatfs_sd_card.c:56:16:SD_ReadyWait	16	static
../Core/Src/fatfs_sd_card.c:68:13:SD_PowerOn	24	static
../Core/Src/fatfs_sd_card.c:98:13:SD_PowerOff	4	static
../Core/Src/fatfs_sd_card.c:103:16:SD_CheckPower	4	static
../Core/Src/fatfs_sd_card.c:108:13:SD_RxDataBlock	24	static
../Core/Src/fatfs_sd_card.c:130:13:SD_TxDataBlock	24	static
../Core/Src/fatfs_sd_card.c:162:13:SD_SendCmd	24	static
../Core/Src/fatfs_sd_card.c:192:9:SD_disk_initialize	32	static
../Core/Src/fatfs_sd_card.c:274:9:SD_disk_status	16	static
../Core/Src/fatfs_sd_card.c:280:9:SD_disk_read	24	static
../Core/Src/fatfs_sd_card.c:314:9:SD_disk_write	24	static
../Core/Src/fatfs_sd_card.c:359:9:SD_disk_ioctl	56	static
