../Core/Src/main.c:122:6:HAL_CAN_RxFifo0MsgPendingCallback	16	static
../Core/Src/main.c:202:6:assignUShort	32	static
../Core/Src/main.c:214:6:createLoRaPacket	24	static
../Core/Src/main.c:246:23:bytesToUShort	24	static
../Core/Src/main.c:251:21:bytesToSShort	24	static
../Core/Src/main.c:256:12:bytesToInt	24	static
../Core/Src/main.c:261:6:decodeDCDCReceivedData	16	static
../Core/Src/main.c:280:6:readBMSData	8	static
../Core/Src/main.c:311:6:requestBMSData	40	static
../Core/Src/main.c:367:6:mount_sd_card	16	static
../Core/Src/main.c:385:6:write_to_file	688	static
../Core/Src/main.c:443:5:remainingH2KW	24	static
../Core/Src/main.c:471:6:HAL_UARTEx_RxEventCallback	16	static
../Core/Src/main.c:499:6:HAL_ADC_ConvCpltCallback	40	static
../Core/Src/main.c:545:6:emergencyGeneralActions	8	static
../Core/Src/main.c:554:6:generateFakeH2Eme	16	static
../Core/Src/main.c:567:6:checkAlarms	8	static
../Core/Src/main.c:581:6:backToNominalState	8	static
../Core/Src/main.c:594:6:writeDCDCData	96	static
../Core/Src/main.c:606:6:readDCDCDataPolling	8	static
../Core/Src/main.c:616:6:manageFans	8	static
../Core/Src/main.c:635:6:manageLoRaTransmission	40	static
../Core/Src/main.c:654:5:main	32	static
../Core/Src/main.c:840:6:SystemClock_Config	120	static
../Core/Src/main.c:900:6:PeriphCommonClock_Config	200	static
../Core/Src/main.c:917:13:MX_ADC1_Init	48	static
../Core/Src/main.c:1013:13:MX_FDCAN2_Init	8	static
../Core/Src/main.c:1064:13:MX_SPI2_Init	8	static
../Core/Src/main.c:1112:13:MX_SPI4_Init	8	static
../Core/Src/main.c:1160:13:MX_UART4_Init	8	static
../Core/Src/main.c:1205:13:MX_UART5_Init	8	static
../Core/Src/main.c:1250:13:MX_UART7_Init	8	static
../Core/Src/main.c:1295:13:MX_UART8_Init	8	static
../Core/Src/main.c:1340:13:MX_UART9_Init	8	static
../Core/Src/main.c:1383:13:MX_DMA_Init	16	static
../Core/Src/main.c:1400:13:MX_GPIO_Init	56	static
../Core/Src/main.c:1476:6:Error_Handler	4	static,ignoring_inline_asm
